2026-02-20 02:31:02 1771525862: Note: It is recommended to replace `message_size_limit` with `max_packet_size`.
2026-02-20 02:31:02 1771525862: Error: The 'keepalive_interval' option requires a bridge to be defined first.
2026-02-20 02:31:02 1771525862: Error found at /mosquitto/config/mosquitto.conf:31.
2026-02-20 02:31:02 1771525862: mosquitto version 2.1.2 terminating
2026-02-20 02:31:02 1771525862: Note: It is recommended to replace `message_size_limit` with `max_packet_size`.
2026-02-20 02:31:02 1771525862: Error: The 'keepalive_interval' option requires a bridge to be defined first.
2026-02-20 02:31:02 1771525862: Error found at /mosquitto/config/mosquitto.conf:31.
2026-02-20 02:31:02 1771525862: mosquitto version 2.1.2 terminating
2026-02-20 02:31:03 1771525863: Note: It is recommended to replace `message_size_limit` with `max_packet_size`.
2026-02-20 02:31:03 1771525863: Error: The 'keepalive_interval' option requires a bridge to be defined first.
2026-02-20 02:31:03 1771525863: Error found at /mosquitto/config/mosquitto.conf:31.
2026-02-20 02:31:03 1771525863: mosquitto version 2.1.2 terminating
2026-02-20 02:31:03 1771525863: Note: It is recommended to replace `message_size_limit` with `max_packet_size`.
2026-02-20 02:31:03 1771525863: Error: The 'keepalive_interval' option requires a bridge to be defined first.
2026-02-20 02:31:03 1771525863: Error found at /mosquitto/config/mosquitto.conf:31.
2026-02-20 02:31:03 1771525863: mosquitto version 2.1.2 terminating
2026-02-20 02:31:04 1771525864: Note: It is recommended to replace `message_size_limit` with `max_packet_size`.
2026-02-20 02:31:04 1771525864: Error: The 'keepalive_interval' option requires a bridge to be defined first.
2026-02-20 02:31:04 1771525864: Error found at /mosquitto/config/mosquitto.conf:31.
2026-02-20 02:31:04 1771525864: mosquitto version 2.1.2 terminating
2026-02-20 02:31:06 1771525866: Note: It is recommended to replace `message_size_limit` with `max_packet_size`.
2026-02-20 02:31:06 1771525866: Error: The 'keepalive_interval' option requires a bridge to be defined first.
2026-02-20 02:31:06 1771525866: Error found at /mosquitto/config/mosquitto.conf:31.
2026-02-20 02:31:06 1771525866: mosquitto version 2.1.2 terminating
2026-02-20 02:31:09 1771525869: Note: It is recommended to replace `message_size_limit` with `max_packet_size`.
2026-02-20 02:31:09 1771525869: Error: The 'keepalive_interval' option requires a bridge to be defined first.
2026-02-20 02:31:09 1771525869: Error found at /mosquitto/config/mosquitto.conf:31.
2026-02-20 02:31:09 1771525869: mosquitto version 2.1.2 terminating
2026-02-20 02:31:16 1771525876: Note: It is recommended to replace `message_size_limit` with `max_packet_size`.
2026-02-20 02:31:16 1771525876: Error: The 'keepalive_interval' option requires a bridge to be defined first.
2026-02-20 02:31:16 1771525876: Error found at /mosquitto/config/mosquitto.conf:31.
2026-02-20 02:31:16 1771525876: mosquitto version 2.1.2 terminating
2026-02-20 02:31:29 1771525889: Note: It is recommended to replace `message_size_limit` with `max_packet_size`.
2026-02-20 02:31:29 1771525889: Error: The 'keepalive_interval' option requires a bridge to be defined first.
2026-02-20 02:31:29 1771525889: Error found at /mosquitto/config/mosquitto.conf:31.
2026-02-20 02:31:29 1771525889: mosquitto version 2.1.2 terminating
2026-02-20 02:31:54 1771525914: Note: It is recommended to replace `message_size_limit` with `max_packet_size`.
2026-02-20 02:31:54 1771525914: Error: The 'keepalive_interval' option requires a bridge to be defined first.
2026-02-20 02:31:54 1771525914: Error found at /mosquitto/config/mosquitto.conf:31.
2026-02-20 02:31:54 1771525914: mosquitto version 2.1.2 terminating
2026-02-20 02:32:46 1771525966: Note: It is recommended to replace `message_size_limit` with `max_packet_size`.
2026-02-20 02:32:46 1771525966: Error: The 'keepalive_interval' option requires a bridge to be defined first.
2026-02-20 02:32:46 1771525966: Error found at /mosquitto/config/mosquitto.conf:31.
2026-02-20 02:32:46 1771525966: mosquitto version 2.1.2 terminating
2026-02-20 02:33:46 1771526026: Note: It is recommended to replace `message_size_limit` with `max_packet_size`.
2026-02-20 02:33:46 1771526026: Error: The 'keepalive_interval' option requires a bridge to be defined first.
2026-02-20 02:33:46 1771526026: Error found at /mosquitto/config/mosquitto.conf:31.
2026-02-20 02:33:46 1771526026: mosquitto version 2.1.2 terminating
2026-02-20 02:34:46 1771526086: Note: It is recommended to replace `message_size_limit` with `max_packet_size`.
2026-02-20 02:34:46 1771526086: Error: The 'keepalive_interval' option requires a bridge to be defined first.
2026-02-20 02:34:46 1771526086: Error found at /mosquitto/config/mosquitto.conf:31.
2026-02-20 02:34:46 1771526086: mosquitto version 2.1.2 terminating
2026-02-20 02:35:46 1771526146: Note: It is recommended to replace `message_size_limit` with `max_packet_size`.
2026-02-20 02:35:46 1771526146: Error: The 'keepalive_interval' option requires a bridge to be defined first.
2026-02-20 02:35:46 1771526146: Error found at /mosquitto/config/mosquitto.conf:31.
2026-02-20 02:35:46 1771526146: mosquitto version 2.1.2 terminating
2026-02-20 02:36:46 1771526206: Note: It is recommended to replace `message_size_limit` with `max_packet_size`.
2026-02-20 02:36:46 1771526206: Error: The 'keepalive_interval' option requires a bridge to be defined first.
2026-02-20 02:36:46 1771526206: Error found at /mosquitto/config/mosquitto.conf:31.
2026-02-20 02:36:46 1771526206: mosquitto version 2.1.2 terminating
2026-02-20 02:37:46 1771526266: Note: It is recommended to replace `message_size_limit` with `max_packet_size`.
2026-02-20 02:37:46 1771526266: Error: The 'keepalive_interval' option requires a bridge to be defined first.
2026-02-20 02:37:46 1771526266: Error found at /mosquitto/config/mosquitto.conf:31.
2026-02-20 02:37:46 1771526266: mosquitto version 2.1.2 terminating
2026-02-20 02:38:46 1771526326: Note: It is recommended to replace `message_size_limit` with `max_packet_size`.
2026-02-20 02:38:46 1771526326: Error: The 'keepalive_interval' option requires a bridge to be defined first.
2026-02-20 02:38:46 1771526326: Error found at /mosquitto/config/mosquitto.conf:31.
2026-02-20 02:38:46 1771526326: mosquitto version 2.1.2 terminating
2026-02-20 02:39:46 1771526386: Note: It is recommended to replace `message_size_limit` with `max_packet_size`.
2026-02-20 02:39:46 1771526386: Error: The 'keepalive_interval' option requires a bridge to be defined first.
2026-02-20 02:39:46 1771526386: Error found at /mosquitto/config/mosquitto.conf:31.
2026-02-20 02:39:46 1771526386: mosquitto version 2.1.2 terminating
2026-02-20 02:40:47 1771526447: Note: It is recommended to replace `message_size_limit` with `max_packet_size`.
2026-02-20 02:40:47 1771526447: Error: The 'keepalive_interval' option requires a bridge to be defined first.
2026-02-20 02:40:47 1771526447: Error found at /mosquitto/config/mosquitto.conf:31.
2026-02-20 02:40:47 1771526447: mosquitto version 2.1.2 terminating
2026-02-20 02:41:47 1771526507: Note: It is recommended to replace `message_size_limit` with `max_packet_size`.
2026-02-20 02:41:47 1771526507: Error: The 'keepalive_interval' option requires a bridge to be defined first.
2026-02-20 02:41:47 1771526507: Error found at /mosquitto/config/mosquitto.conf:31.
2026-02-20 02:41:47 1771526507: mosquitto version 2.1.2 terminating
2026-02-20 02:42:47 1771526567: Note: It is recommended to replace `message_size_limit` with `max_packet_size`.
2026-02-20 02:42:47 1771526567: Error: The 'keepalive_interval' option requires a bridge to be defined first.
2026-02-20 02:42:47 1771526567: Error found at /mosquitto/config/mosquitto.conf:31.
2026-02-20 02:42:47 1771526567: mosquitto version 2.1.2 terminating
2026-02-20 02:43:47 1771526627: Note: It is recommended to replace `message_size_limit` with `max_packet_size`.
2026-02-20 02:43:47 1771526627: Error: The 'keepalive_interval' option requires a bridge to be defined first.
2026-02-20 02:43:47 1771526627: Error found at /mosquitto/config/mosquitto.conf:31.
2026-02-20 02:43:47 1771526627: mosquitto version 2.1.2 terminating
2026-02-20 02:44:47 1771526687: Note: It is recommended to replace `message_size_limit` with `max_packet_size`.
2026-02-20 02:44:47 1771526687: Error: The 'keepalive_interval' option requires a bridge to be defined first.
2026-02-20 02:44:47 1771526687: Error found at /mosquitto/config/mosquitto.conf:31.
2026-02-20 02:44:47 1771526687: mosquitto version 2.1.2 terminating
2026-02-20 02:45:47 1771526747: Note: It is recommended to replace `message_size_limit` with `max_packet_size`.
2026-02-20 02:45:47 1771526747: Error: The 'keepalive_interval' option requires a bridge to be defined first.
2026-02-20 02:45:47 1771526747: Error found at /mosquitto/config/mosquitto.conf:31.
2026-02-20 02:45:47 1771526747: mosquitto version 2.1.2 terminating
2026-02-20 02:46:47 1771526807: Note: It is recommended to replace `message_size_limit` with `max_packet_size`.
2026-02-20 02:46:47 1771526807: Error: The 'keepalive_interval' option requires a bridge to be defined first.
2026-02-20 02:46:47 1771526807: Error found at /mosquitto/config/mosquitto.conf:31.
2026-02-20 02:46:47 1771526807: mosquitto version 2.1.2 terminating
2026-02-20 02:47:47 1771526867: Note: It is recommended to replace `message_size_limit` with `max_packet_size`.
2026-02-20 02:47:47 1771526867: Error: The 'keepalive_interval' option requires a bridge to be defined first.
2026-02-20 02:47:47 1771526867: Error found at /mosquitto/config/mosquitto.conf:31.
2026-02-20 02:47:47 1771526867: mosquitto version 2.1.2 terminating
2026-02-20 02:48:47 1771526927: Note: It is recommended to replace `message_size_limit` with `max_packet_size`.
2026-02-20 02:48:47 1771526927: Error: The 'keepalive_interval' option requires a bridge to be defined first.
2026-02-20 02:48:47 1771526927: Error found at /mosquitto/config/mosquitto.conf:31.
2026-02-20 02:48:47 1771526927: mosquitto version 2.1.2 terminating
2026-02-20 02:49:47 1771526987: Note: It is recommended to replace `message_size_limit` with `max_packet_size`.
2026-02-20 02:49:47 1771526987: Error: The 'keepalive_interval' option requires a bridge to be defined first.
2026-02-20 02:49:47 1771526987: Error found at /mosquitto/config/mosquitto.conf:31.
2026-02-20 02:49:47 1771526987: mosquitto version 2.1.2 terminating
2026-02-20 02:50:48 1771527048: Note: It is recommended to replace `message_size_limit` with `max_packet_size`.
2026-02-20 02:50:48 1771527048: Error: The 'keepalive_interval' option requires a bridge to be defined first.
2026-02-20 02:50:48 1771527048: Error found at /mosquitto/config/mosquitto.conf:31.
2026-02-20 02:50:48 1771527048: mosquitto version 2.1.2 terminating
2026-02-20 02:51:48 1771527108: Note: It is recommended to replace `message_size_limit` with `max_packet_size`.
2026-02-20 02:51:48 1771527108: Error: The 'keepalive_interval' option requires a bridge to be defined first.
2026-02-20 02:51:48 1771527108: Error found at /mosquitto/config/mosquitto.conf:31.
2026-02-20 02:51:48 1771527108: mosquitto version 2.1.2 terminating
2026-02-20 02:52:48 1771527168: Note: It is recommended to replace `message_size_limit` with `max_packet_size`.
2026-02-20 02:52:48 1771527168: Error: The 'keepalive_interval' option requires a bridge to be defined first.
2026-02-20 02:52:48 1771527168: Error found at /mosquitto/config/mosquitto.conf:31.
2026-02-20 02:52:48 1771527168: mosquitto version 2.1.2 terminating
2026-02-20 02:53:48 1771527228: Note: It is recommended to replace `message_size_limit` with `max_packet_size`.
2026-02-20 02:53:48 1771527228: Error: The 'keepalive_interval' option requires a bridge to be defined first.
2026-02-20 02:53:48 1771527228: Error found at /mosquitto/config/mosquitto.conf:31.
2026-02-20 02:53:48 1771527228: mosquitto version 2.1.2 terminating
2026-02-20 02:54:48 1771527288: Note: It is recommended to replace `message_size_limit` with `max_packet_size`.
2026-02-20 02:54:48 1771527288: Error: The 'keepalive_interval' option requires a bridge to be defined first.
2026-02-20 02:54:48 1771527288: Error found at /mosquitto/config/mosquitto.conf:31.
2026-02-20 02:54:48 1771527288: mosquitto version 2.1.2 terminating
2026-02-20 02:55:48 1771527348: Note: It is recommended to replace `message_size_limit` with `max_packet_size`.
2026-02-20 02:55:48 1771527348: Error: The 'keepalive_interval' option requires a bridge to be defined first.
2026-02-20 02:55:48 1771527348: Error found at /mosquitto/config/mosquitto.conf:31.
2026-02-20 02:55:48 1771527348: mosquitto version 2.1.2 terminating
2026-02-20 02:56:48 1771527408: Note: It is recommended to replace `message_size_limit` with `max_packet_size`.
2026-02-20 02:56:48 1771527408: Error: The 'keepalive_interval' option requires a bridge to be defined first.
2026-02-20 02:56:48 1771527408: Error found at /mosquitto/config/mosquitto.conf:31.
2026-02-20 02:56:48 1771527408: mosquitto version 2.1.2 terminating
2026-02-20 02:57:48 1771527468: Note: It is recommended to replace `message_size_limit` with `max_packet_size`.
2026-02-20 02:57:48 1771527468: Error: The 'keepalive_interval' option requires a bridge to be defined first.
2026-02-20 02:57:48 1771527468: Error found at /mosquitto/config/mosquitto.conf:31.
2026-02-20 02:57:48 1771527468: mosquitto version 2.1.2 terminating
2026-02-20 02:58:48 1771527528: Note: It is recommended to replace `message_size_limit` with `max_packet_size`.
2026-02-20 02:58:48 1771527528: Error: The 'keepalive_interval' option requires a bridge to be defined first.
2026-02-20 02:58:48 1771527528: Error found at /mosquitto/config/mosquitto.conf:31.
2026-02-20 02:58:48 1771527528: mosquitto version 2.1.2 terminating
2026-02-20 02:59:49 1771527589: Note: It is recommended to replace `message_size_limit` with `max_packet_size`.
2026-02-20 02:59:49 1771527589: Error: The 'keepalive_interval' option requires a bridge to be defined first.
2026-02-20 02:59:49 1771527589: Error found at /mosquitto/config/mosquitto.conf:31.
2026-02-20 02:59:49 1771527589: mosquitto version 2.1.2 terminating
2026-02-20 03:00:49 1771527649: Note: It is recommended to replace `message_size_limit` with `max_packet_size`.
2026-02-20 03:00:49 1771527649: Error: The 'keepalive_interval' option requires a bridge to be defined first.
2026-02-20 03:00:49 1771527649: Error found at /mosquitto/config/mosquitto.conf:31.
2026-02-20 03:00:49 1771527649: mosquitto version 2.1.2 terminating
2026-02-20 03:01:49 1771527709: Note: It is recommended to replace `message_size_limit` with `max_packet_size`.
2026-02-20 03:01:49 1771527709: Error: The 'keepalive_interval' option requires a bridge to be defined first.
2026-02-20 03:01:49 1771527709: Error found at /mosquitto/config/mosquitto.conf:31.
2026-02-20 03:01:49 1771527709: mosquitto version 2.1.2 terminating
2026-02-20 03:02:49 1771527769: Note: It is recommended to replace `message_size_limit` with `max_packet_size`.
2026-02-20 03:02:49 1771527769: Error: The 'keepalive_interval' option requires a bridge to be defined first.
2026-02-20 03:02:49 1771527769: Error found at /mosquitto/config/mosquitto.conf:31.
2026-02-20 03:02:49 1771527769: mosquitto version 2.1.2 terminating
2026-02-20 03:03:49 1771527829: Note: It is recommended to replace `message_size_limit` with `max_packet_size`.
2026-02-20 03:03:49 1771527829: Error: The 'keepalive_interval' option requires a bridge to be defined first.
2026-02-20 03:03:49 1771527829: Error found at /mosquitto/config/mosquitto.conf:31.
2026-02-20 03:03:49 1771527829: mosquitto version 2.1.2 terminating
2026-02-20 03:04:49 1771527889: Note: It is recommended to replace `message_size_limit` with `max_packet_size`.
2026-02-20 03:04:49 1771527889: Error: The 'keepalive_interval' option requires a bridge to be defined first.
2026-02-20 03:04:49 1771527889: Error found at /mosquitto/config/mosquitto.conf:31.
2026-02-20 03:04:49 1771527889: mosquitto version 2.1.2 terminating
2026-02-20 03:05:49 1771527949: Note: It is recommended to replace `message_size_limit` with `max_packet_size`.
2026-02-20 03:05:49 1771527949: Error: The 'keepalive_interval' option requires a bridge to be defined first.
2026-02-20 03:05:49 1771527949: Error found at /mosquitto/config/mosquitto.conf:31.
2026-02-20 03:05:49 1771527949: mosquitto version 2.1.2 terminating
2026-02-20 03:06:49 1771528009: Note: It is recommended to replace `message_size_limit` with `max_packet_size`.
2026-02-20 03:06:49 1771528009: Error: The 'keepalive_interval' option requires a bridge to be defined first.
2026-02-20 03:06:49 1771528009: Error found at /mosquitto/config/mosquitto.conf:31.
2026-02-20 03:06:49 1771528009: mosquitto version 2.1.2 terminating
2026-02-20 03:07:49 1771528069: Note: It is recommended to replace `message_size_limit` with `max_packet_size`.
2026-02-20 03:07:49 1771528069: Error: The 'keepalive_interval' option requires a bridge to be defined first.
2026-02-20 03:07:49 1771528069: Error found at /mosquitto/config/mosquitto.conf:31.
2026-02-20 03:07:49 1771528069: mosquitto version 2.1.2 terminating
2026-02-20 03:08:50 1771528130: Note: It is recommended to replace `message_size_limit` with `max_packet_size`.
2026-02-20 03:08:50 1771528130: Error: The 'keepalive_interval' option requires a bridge to be defined first.
2026-02-20 03:08:50 1771528130: Error found at /mosquitto/config/mosquitto.conf:31.
2026-02-20 03:08:50 1771528130: mosquitto version 2.1.2 terminating
2026-02-20 03:09:50 1771528190: Note: It is recommended to replace `message_size_limit` with `max_packet_size`.
2026-02-20 03:09:50 1771528190: Error: The 'keepalive_interval' option requires a bridge to be defined first.
2026-02-20 03:09:50 1771528190: Error found at /mosquitto/config/mosquitto.conf:31.
2026-02-20 03:09:50 1771528190: mosquitto version 2.1.2 terminating
2026-02-20 03:10:50 1771528250: Note: It is recommended to replace `message_size_limit` with `max_packet_size`.
2026-02-20 03:10:50 1771528250: Error: The 'keepalive_interval' option requires a bridge to be defined first.
2026-02-20 03:10:50 1771528250: Error found at /mosquitto/config/mosquitto.conf:31.
2026-02-20 03:10:50 1771528250: mosquitto version 2.1.2 terminating
2026-02-20 03:11:50 1771528310: Note: It is recommended to replace `message_size_limit` with `max_packet_size`.
2026-02-20 03:11:50 1771528310: Error: The 'keepalive_interval' option requires a bridge to be defined first.
2026-02-20 03:11:50 1771528310: Error found at /mosquitto/config/mosquitto.conf:31.
2026-02-20 03:11:50 1771528310: mosquitto version 2.1.2 terminating
2026-02-20 03:12:50 1771528370: Note: It is recommended to replace `message_size_limit` with `max_packet_size`.
2026-02-20 03:12:50 1771528370: Error: The 'keepalive_interval' option requires a bridge to be defined first.
2026-02-20 03:12:50 1771528370: Error found at /mosquitto/config/mosquitto.conf:31.
2026-02-20 03:12:50 1771528370: mosquitto version 2.1.2 terminating
2026-02-20 03:13:50 1771528430: Note: It is recommended to replace `message_size_limit` with `max_packet_size`.
2026-02-20 03:13:50 1771528430: Error: The 'keepalive_interval' option requires a bridge to be defined first.
2026-02-20 03:13:50 1771528430: Error found at /mosquitto/config/mosquitto.conf:31.
2026-02-20 03:13:50 1771528430: mosquitto version 2.1.2 terminating
2026-02-20 03:14:50 1771528490: Note: It is recommended to replace `message_size_limit` with `max_packet_size`.
2026-02-20 03:14:50 1771528490: Error: The 'keepalive_interval' option requires a bridge to be defined first.
2026-02-20 03:14:50 1771528490: Error found at /mosquitto/config/mosquitto.conf:31.
2026-02-20 03:14:50 1771528490: mosquitto version 2.1.2 terminating
2026-02-20 03:15:50 1771528550: Note: It is recommended to replace `message_size_limit` with `max_packet_size`.
2026-02-20 03:15:50 1771528550: Error: The 'keepalive_interval' option requires a bridge to be defined first.
2026-02-20 03:15:50 1771528550: Error found at /mosquitto/config/mosquitto.conf:31.
2026-02-20 03:15:50 1771528550: mosquitto version 2.1.2 terminating
2026-02-20 03:16:50 1771528610: Note: It is recommended to replace `message_size_limit` with `max_packet_size`.
2026-02-20 03:16:50 1771528610: Error: The 'keepalive_interval' option requires a bridge to be defined first.
2026-02-20 03:16:50 1771528610: Error found at /mosquitto/config/mosquitto.conf:31.
2026-02-20 03:16:50 1771528610: mosquitto version 2.1.2 terminating
2026-02-20 03:17:51 1771528671: Note: It is recommended to replace `message_size_limit` with `max_packet_size`.
2026-02-20 03:17:51 1771528671: Error: The 'keepalive_interval' option requires a bridge to be defined first.
2026-02-20 03:17:51 1771528671: Error found at /mosquitto/config/mosquitto.conf:31.
2026-02-20 03:17:51 1771528671: mosquitto version 2.1.2 terminating
2026-02-20 03:18:51 1771528731: Note: It is recommended to replace `message_size_limit` with `max_packet_size`.
2026-02-20 03:18:51 1771528731: Error: The 'keepalive_interval' option requires a bridge to be defined first.
2026-02-20 03:18:51 1771528731: Error found at /mosquitto/config/mosquitto.conf:31.
2026-02-20 03:18:51 1771528731: mosquitto version 2.1.2 terminating
2026-02-20 03:19:51 1771528791: Note: It is recommended to replace `message_size_limit` with `max_packet_size`.
2026-02-20 03:19:51 1771528791: Error: The 'keepalive_interval' option requires a bridge to be defined first.
2026-02-20 03:19:51 1771528791: Error found at /mosquitto/config/mosquitto.conf:31.
2026-02-20 03:19:51 1771528791: mosquitto version 2.1.2 terminating
2026-02-20 03:20:51 1771528851: Note: It is recommended to replace `message_size_limit` with `max_packet_size`.
2026-02-20 03:20:51 1771528851: Error: The 'keepalive_interval' option requires a bridge to be defined first.
2026-02-20 03:20:51 1771528851: Error found at /mosquitto/config/mosquitto.conf:31.
2026-02-20 03:20:51 1771528851: mosquitto version 2.1.2 terminating
2026-02-20 03:21:51 1771528911: Note: It is recommended to replace `message_size_limit` with `max_packet_size`.
2026-02-20 03:21:51 1771528911: Error: The 'keepalive_interval' option requires a bridge to be defined first.
2026-02-20 03:21:51 1771528911: Error found at /mosquitto/config/mosquitto.conf:31.
2026-02-20 03:21:51 1771528911: mosquitto version 2.1.2 terminating
2026-02-20 03:22:51 1771528971: Note: It is recommended to replace `message_size_limit` with `max_packet_size`.
2026-02-20 03:22:51 1771528971: Error: The 'keepalive_interval' option requires a bridge to be defined first.
2026-02-20 03:22:51 1771528971: Error found at /mosquitto/config/mosquitto.conf:31.
2026-02-20 03:22:51 1771528971: mosquitto version 2.1.2 terminating
2026-02-20 03:23:51 1771529031: Note: It is recommended to replace `message_size_limit` with `max_packet_size`.
2026-02-20 03:23:51 1771529031: Error: The 'keepalive_interval' option requires a bridge to be defined first.
2026-02-20 03:23:51 1771529031: Error found at /mosquitto/config/mosquitto.conf:31.
2026-02-20 03:23:51 1771529031: mosquitto version 2.1.2 terminating
2026-02-20 11:33:00 1771558380: Note: It is recommended to replace `message_size_limit` with `max_packet_size`.
2026-02-20 11:33:00 1771558380: Error: The 'keepalive_interval' option requires a bridge to be defined first.
2026-02-20 11:33:00 1771558380: Error found at /mosquitto/config/mosquitto.conf:31.
2026-02-20 11:33:00 1771558380: mosquitto version 2.1.2 terminating
2026-02-20 11:33:01 1771558381: Note: It is recommended to replace `message_size_limit` with `max_packet_size`.
2026-02-20 11:33:01 1771558381: Error: The 'keepalive_interval' option requires a bridge to be defined first.
2026-02-20 11:33:01 1771558381: Error found at /mosquitto/config/mosquitto.conf:31.
2026-02-20 11:33:01 1771558381: mosquitto version 2.1.2 terminating
2026-02-20 11:33:01 1771558381: Note: It is recommended to replace `message_size_limit` with `max_packet_size`.
2026-02-20 11:33:01 1771558381: Error: The 'keepalive_interval' option requires a bridge to be defined first.
2026-02-20 11:33:01 1771558381: Error found at /mosquitto/config/mosquitto.conf:31.
2026-02-20 11:33:01 1771558381: mosquitto version 2.1.2 terminating
2026-02-20 11:33:01 1771558381: Note: It is recommended to replace `message_size_limit` with `max_packet_size`.
2026-02-20 11:33:01 1771558381: Error: The 'keepalive_interval' option requires a bridge to be defined first.
2026-02-20 11:33:01 1771558381: Error found at /mosquitto/config/mosquitto.conf:31.
2026-02-20 11:33:01 1771558381: mosquitto version 2.1.2 terminating
2026-02-20 11:33:02 1771558382: Note: It is recommended to replace `message_size_limit` with `max_packet_size`.
2026-02-20 11:33:02 1771558382: Error: The 'keepalive_interval' option requires a bridge to be defined first.
2026-02-20 11:33:02 1771558382: Error found at /mosquitto/config/mosquitto.conf:31.
2026-02-20 11:33:02 1771558382: mosquitto version 2.1.2 terminating
2026-02-20 11:33:04 1771558384: Note: It is recommended to replace `message_size_limit` with `max_packet_size`.
2026-02-20 11:33:04 1771558384: Error: The 'keepalive_interval' option requires a bridge to be defined first.
2026-02-20 11:33:04 1771558384: Error found at /mosquitto/config/mosquitto.conf:31.
2026-02-20 11:33:04 1771558384: mosquitto version 2.1.2 terminating
2026-02-20 11:33:07 1771558387: Note: It is recommended to replace `message_size_limit` with `max_packet_size`.
2026-02-20 11:33:07 1771558387: Error: The 'keepalive_interval' option requires a bridge to be defined first.
2026-02-20 11:33:07 1771558387: Error found at /mosquitto/config/mosquitto.conf:31.
2026-02-20 11:33:07 1771558387: mosquitto version 2.1.2 terminating
2026-02-20 11:33:14 1771558394: Note: It is recommended to replace `message_size_limit` with `max_packet_size`.
2026-02-20 11:33:14 1771558394: Error: The 'keepalive_interval' option requires a bridge to be defined first.
2026-02-20 11:33:14 1771558394: Error found at /mosquitto/config/mosquitto.conf:31.
2026-02-20 11:33:14 1771558394: mosquitto version 2.1.2 terminating
2026-02-20 11:33:27 1771558407: Note: It is recommended to replace `message_size_limit` with `max_packet_size`.
2026-02-20 11:33:27 1771558407: Error: The 'keepalive_interval' option requires a bridge to be defined first.
2026-02-20 11:33:27 1771558407: Error found at /mosquitto/config/mosquitto.conf:31.
2026-02-20 11:33:27 1771558407: mosquitto version 2.1.2 terminating
2026-02-20 11:33:53 1771558433: Note: It is recommended to replace `message_size_limit` with `max_packet_size`.
2026-02-20 11:33:53 1771558433: Error: The 'keepalive_interval' option requires a bridge to be defined first.
2026-02-20 11:33:53 1771558433: Error found at /mosquitto/config/mosquitto.conf:31.
2026-02-20 11:33:53 1771558433: mosquitto version 2.1.2 terminating
2026-02-20 11:34:44 1771558484: Note: It is recommended to replace `message_size_limit` with `max_packet_size`.
2026-02-20 11:34:44 1771558484: Error: The 'keepalive_interval' option requires a bridge to be defined first.
2026-02-20 11:34:44 1771558484: Error found at /mosquitto/config/mosquitto.conf:31.
2026-02-20 11:34:44 1771558484: mosquitto version 2.1.2 terminating
2026-02-21 01:00:01 1771606801: Note: It is recommended to replace `message_size_limit` with `max_packet_size`.
2026-02-21 01:00:01 1771606801: Error: The 'keepalive_interval' option requires a bridge to be defined first.
2026-02-21 01:00:01 1771606801: Error found at /mosquitto/config/mosquitto.conf:31.
2026-02-21 01:00:01 1771606801: mosquitto version 2.1.2 terminating
2026-02-21 01:00:02 1771606802: Note: It is recommended to replace `message_size_limit` with `max_packet_size`.
2026-02-21 01:00:02 1771606802: Error: The 'keepalive_interval' option requires a bridge to be defined first.
2026-02-21 01:00:02 1771606802: Error found at /mosquitto/config/mosquitto.conf:31.
2026-02-21 01:00:02 1771606802: mosquitto version 2.1.2 terminating
2026-02-21 01:00:02 1771606802: Note: It is recommended to replace `message_size_limit` with `max_packet_size`.
2026-02-21 01:00:02 1771606802: Error: The 'keepalive_interval' option requires a bridge to be defined first.
2026-02-21 01:00:02 1771606802: Error found at /mosquitto/config/mosquitto.conf:31.
2026-02-21 01:00:02 1771606802: mosquitto version 2.1.2 terminating
2026-02-21 01:00:02 1771606802: Note: It is recommended to replace `message_size_limit` with `max_packet_size`.
2026-02-21 01:00:02 1771606802: Error: The 'keepalive_interval' option requires a bridge to be defined first.
2026-02-21 01:00:02 1771606802: Error found at /mosquitto/config/mosquitto.conf:31.
2026-02-21 01:00:02 1771606802: mosquitto version 2.1.2 terminating
2026-02-21 01:00:03 1771606803: Note: It is recommended to replace `message_size_limit` with `max_packet_size`.
2026-02-21 01:00:03 1771606803: Error: The 'keepalive_interval' option requires a bridge to be defined first.
2026-02-21 01:00:03 1771606803: Error found at /mosquitto/config/mosquitto.conf:31.
2026-02-21 01:00:03 1771606803: mosquitto version 2.1.2 terminating
2026-02-21 01:00:05 1771606805: Note: It is recommended to replace `message_size_limit` with `max_packet_size`.
2026-02-21 01:00:05 1771606805: Error: The 'keepalive_interval' option requires a bridge to be defined first.
2026-02-21 01:00:05 1771606805: Error found at /mosquitto/config/mosquitto.conf:31.
2026-02-21 01:00:05 1771606805: mosquitto version 2.1.2 terminating
2026-02-21 01:00:08 1771606808: Note: It is recommended to replace `message_size_limit` with `max_packet_size`.
2026-02-21 01:00:08 1771606808: Error: The 'keepalive_interval' option requires a bridge to be defined first.
2026-02-21 01:00:08 1771606808: Error found at /mosquitto/config/mosquitto.conf:31.
2026-02-21 01:00:08 1771606808: mosquitto version 2.1.2 terminating
2026-02-21 01:00:15 1771606815: Note: It is recommended to replace `message_size_limit` with `max_packet_size`.
2026-02-21 01:00:15 1771606815: Error: The 'keepalive_interval' option requires a bridge to be defined first.
2026-02-21 01:00:15 1771606815: Error found at /mosquitto/config/mosquitto.conf:31.
2026-02-21 01:00:15 1771606815: mosquitto version 2.1.2 terminating
2026-02-21 01:00:28 1771606828: Note: It is recommended to replace `message_size_limit` with `max_packet_size`.
2026-02-21 01:00:28 1771606828: Error: The 'keepalive_interval' option requires a bridge to be defined first.
2026-02-21 01:00:28 1771606828: Error found at /mosquitto/config/mosquitto.conf:31.
2026-02-21 01:00:28 1771606828: mosquitto version 2.1.2 terminating
2026-02-21 01:00:54 1771606854: Note: It is recommended to replace `message_size_limit` with `max_packet_size`.
2026-02-21 01:00:54 1771606854: Error: The 'keepalive_interval' option requires a bridge to be defined first.
2026-02-21 01:00:54 1771606854: Error found at /mosquitto/config/mosquitto.conf:31.
2026-02-21 01:00:54 1771606854: mosquitto version 2.1.2 terminating
2026-02-21 01:01:45 1771606905: Note: It is recommended to replace `message_size_limit` with `max_packet_size`.
2026-02-21 01:01:45 1771606905: Error: The 'keepalive_interval' option requires a bridge to be defined first.
2026-02-21 01:01:45 1771606905: Error found at /mosquitto/config/mosquitto.conf:31.
2026-02-21 01:01:45 1771606905: mosquitto version 2.1.2 terminating
2026-02-21 01:02:45 1771606965: Note: It is recommended to replace `message_size_limit` with `max_packet_size`.
2026-02-21 01:02:45 1771606965: Error: The 'keepalive_interval' option requires a bridge to be defined first.
2026-02-21 01:02:45 1771606965: Error found at /mosquitto/config/mosquitto.conf:31.
2026-02-21 01:02:45 1771606965: mosquitto version 2.1.2 terminating
2026-02-21 01:03:45 1771607025: Note: It is recommended to replace `message_size_limit` with `max_packet_size`.
2026-02-21 01:03:45 1771607025: Error: The 'keepalive_interval' option requires a bridge to be defined first.
2026-02-21 01:03:45 1771607025: Error found at /mosquitto/config/mosquitto.conf:31.
2026-02-21 01:03:45 1771607025: mosquitto version 2.1.2 terminating
2026-02-21 01:04:45 1771607085: Note: It is recommended to replace `message_size_limit` with `max_packet_size`.
2026-02-21 01:04:45 1771607085: Error: The 'keepalive_interval' option requires a bridge to be defined first.
2026-02-21 01:04:45 1771607085: Error found at /mosquitto/config/mosquitto.conf:31.
2026-02-21 01:04:45 1771607085: mosquitto version 2.1.2 terminating
2026-02-21 01:05:46 1771607146: Note: It is recommended to replace `message_size_limit` with `max_packet_size`.
2026-02-21 01:05:46 1771607146: Error: The 'keepalive_interval' option requires a bridge to be defined first.
2026-02-21 01:05:46 1771607146: Error found at /mosquitto/config/mosquitto.conf:31.
2026-02-21 01:05:46 1771607146: mosquitto version 2.1.2 terminating
2026-02-21 01:06:46 1771607206: Note: It is recommended to replace `message_size_limit` with `max_packet_size`.
2026-02-21 01:06:46 1771607206: Error: The 'keepalive_interval' option requires a bridge to be defined first.
2026-02-21 01:06:46 1771607206: Error found at /mosquitto/config/mosquitto.conf:31.
2026-02-21 01:06:46 1771607206: mosquitto version 2.1.2 terminating
2026-02-21 01:07:46 1771607266: Note: It is recommended to replace `message_size_limit` with `max_packet_size`.
2026-02-21 01:07:46 1771607266: Error: The 'keepalive_interval' option requires a bridge to be defined first.
2026-02-21 01:07:46 1771607266: Error found at /mosquitto/config/mosquitto.conf:31.
2026-02-21 01:07:46 1771607266: mosquitto version 2.1.2 terminating
2026-02-21 01:08:46 1771607326: Note: It is recommended to replace `message_size_limit` with `max_packet_size`.
2026-02-21 01:08:46 1771607326: Error: The 'keepalive_interval' option requires a bridge to be defined first.
2026-02-21 01:08:46 1771607326: Error found at /mosquitto/config/mosquitto.conf:31.
2026-02-21 01:08:46 1771607326: mosquitto version 2.1.2 terminating
2026-02-21 01:09:46 1771607386: Note: It is recommended to replace `message_size_limit` with `max_packet_size`.
2026-02-21 01:09:46 1771607386: Error: The 'keepalive_interval' option requires a bridge to be defined first.
2026-02-21 01:09:46 1771607386: Error found at /mosquitto/config/mosquitto.conf:31.
2026-02-21 01:09:46 1771607386: mosquitto version 2.1.2 terminating
2026-02-21 01:10:46 1771607446: Note: It is recommended to replace `message_size_limit` with `max_packet_size`.
2026-02-21 01:10:46 1771607446: Error: The 'keepalive_interval' option requires a bridge to be defined first.
2026-02-21 01:10:46 1771607446: Error found at /mosquitto/config/mosquitto.conf:31.
2026-02-21 01:10:46 1771607446: mosquitto version 2.1.2 terminating
2026-02-21 01:11:46 1771607506: Note: It is recommended to replace `message_size_limit` with `max_packet_size`.
2026-02-21 01:11:46 1771607506: Error: The 'keepalive_interval' option requires a bridge to be defined first.
2026-02-21 01:11:46 1771607506: Error found at /mosquitto/config/mosquitto.conf:31.
2026-02-21 01:11:46 1771607506: mosquitto version 2.1.2 terminating
2026-02-21 01:12:46 1771607566: Note: It is recommended to replace `message_size_limit` with `max_packet_size`.
2026-02-21 01:12:46 1771607566: Error: The 'keepalive_interval' option requires a bridge to be defined first.
2026-02-21 01:12:46 1771607566: Error found at /mosquitto/config/mosquitto.conf:31.
2026-02-21 01:12:46 1771607566: mosquitto version 2.1.2 terminating
2026-02-21 01:13:47 1771607627: Note: It is recommended to replace `message_size_limit` with `max_packet_size`.
2026-02-21 01:13:47 1771607627: Error: The 'keepalive_interval' option requires a bridge to be defined first.
2026-02-21 01:13:47 1771607627: Error found at /mosquitto/config/mosquitto.conf:31.
2026-02-21 01:13:47 1771607627: mosquitto version 2.1.2 terminating
2026-02-21 01:14:47 1771607687: Note: It is recommended to replace `message_size_limit` with `max_packet_size`.
2026-02-21 01:14:47 1771607687: Error: The 'keepalive_interval' option requires a bridge to be defined first.
2026-02-21 01:14:47 1771607687: Error found at /mosquitto/config/mosquitto.conf:31.
2026-02-21 01:14:47 1771607687: mosquitto version 2.1.2 terminating
2026-02-21 01:15:47 1771607747: Note: It is recommended to replace `message_size_limit` with `max_packet_size`.
2026-02-21 01:15:47 1771607747: Error: The 'keepalive_interval' option requires a bridge to be defined first.
2026-02-21 01:15:47 1771607747: Error found at /mosquitto/config/mosquitto.conf:31.
2026-02-21 01:15:47 1771607747: mosquitto version 2.1.2 terminating
2026-02-21 01:16:47 1771607807: Note: It is recommended to replace `message_size_limit` with `max_packet_size`.
2026-02-21 01:16:47 1771607807: Error: The 'keepalive_interval' option requires a bridge to be defined first.
2026-02-21 01:16:47 1771607807: Error found at /mosquitto/config/mosquitto.conf:31.
2026-02-21 01:16:47 1771607807: mosquitto version 2.1.2 terminating
2026-02-21 01:17:47 1771607867: Note: It is recommended to replace `message_size_limit` with `max_packet_size`.
2026-02-21 01:17:47 1771607867: Error: The 'keepalive_interval' option requires a bridge to be defined first.
2026-02-21 01:17:47 1771607867: Error found at /mosquitto/config/mosquitto.conf:31.
2026-02-21 01:17:47 1771607867: mosquitto version 2.1.2 terminating
2026-02-21 01:18:47 1771607927: Note: It is recommended to replace `message_size_limit` with `max_packet_size`.
2026-02-21 01:18:47 1771607927: Error: The 'keepalive_interval' option requires a bridge to be defined first.
2026-02-21 01:18:47 1771607927: Error found at /mosquitto/config/mosquitto.conf:31.
2026-02-21 01:18:47 1771607927: mosquitto version 2.1.2 terminating
2026-02-21 01:19:47 1771607987: Note: It is recommended to replace `message_size_limit` with `max_packet_size`.
2026-02-21 01:19:47 1771607987: Error: The 'keepalive_interval' option requires a bridge to be defined first.
2026-02-21 01:19:47 1771607987: Error found at /mosquitto/config/mosquitto.conf:31.
2026-02-21 01:19:47 1771607987: mosquitto version 2.1.2 terminating
2026-02-21 01:20:48 1771608048: Note: It is recommended to replace `message_size_limit` with `max_packet_size`.
2026-02-21 01:20:48 1771608048: Error: The 'keepalive_interval' option requires a bridge to be defined first.
2026-02-21 01:20:48 1771608048: Error found at /mosquitto/config/mosquitto.conf:31.
2026-02-21 01:20:48 1771608048: mosquitto version 2.1.2 terminating
2026-02-21 01:21:48 1771608108: Note: It is recommended to replace `message_size_limit` with `max_packet_size`.
2026-02-21 01:21:48 1771608108: Error: The 'keepalive_interval' option requires a bridge to be defined first.
2026-02-21 01:21:48 1771608108: Error found at /mosquitto/config/mosquitto.conf:31.
2026-02-21 01:21:48 1771608108: mosquitto version 2.1.2 terminating
2026-02-21 01:22:48 1771608168: Note: It is recommended to replace `message_size_limit` with `max_packet_size`.
2026-02-21 01:22:48 1771608168: Error: The 'keepalive_interval' option requires a bridge to be defined first.
2026-02-21 01:22:48 1771608168: Error found at /mosquitto/config/mosquitto.conf:31.
2026-02-21 01:22:48 1771608168: mosquitto version 2.1.2 terminating
2026-02-21 01:23:48 1771608228: Error: 'max_packet_size' must be >= 20.
2026-02-21 01:23:48 1771608228: Error found at /mosquitto/config/mosquitto.conf:28.
2026-02-21 01:23:48 1771608228: mosquitto version 2.1.2 terminating
2026-02-21 01:23:51 1771608231: Error: 'max_packet_size' must be >= 20.
2026-02-21 01:23:51 1771608231: Error found at /mosquitto/config/mosquitto.conf:28.
2026-02-21 01:23:51 1771608231: mosquitto version 2.1.2 terminating
2026-02-21 01:23:52 1771608232: Error: 'max_packet_size' must be >= 20.
2026-02-21 01:23:52 1771608232: Error found at /mosquitto/config/mosquitto.conf:28.
2026-02-21 01:23:52 1771608232: mosquitto version 2.1.2 terminating
2026-02-21 01:23:52 1771608232: Error: 'max_packet_size' must be >= 20.
2026-02-21 01:23:52 1771608232: Error found at /mosquitto/config/mosquitto.conf:28.
2026-02-21 01:23:52 1771608232: mosquitto version 2.1.2 terminating
2026-02-21 01:23:52 1771608232: Error: 'max_packet_size' must be >= 20.
2026-02-21 01:23:52 1771608232: Error found at /mosquitto/config/mosquitto.conf:28.
2026-02-21 01:23:52 1771608232: mosquitto version 2.1.2 terminating
2026-02-21 01:23:53 1771608233: Error: 'max_packet_size' must be >= 20.
2026-02-21 01:23:53 1771608233: Error found at /mosquitto/config/mosquitto.conf:28.
2026-02-21 01:23:53 1771608233: mosquitto version 2.1.2 terminating
2026-02-21 01:23:55 1771608235: Error: 'max_packet_size' must be >= 20.
2026-02-21 01:23:55 1771608235: Error found at /mosquitto/config/mosquitto.conf:28.
2026-02-21 01:23:55 1771608235: mosquitto version 2.1.2 terminating
2026-02-21 01:23:58 1771608238: Error: 'max_packet_size' must be >= 20.
2026-02-21 01:23:58 1771608238: Error found at /mosquitto/config/mosquitto.conf:28.
2026-02-21 01:23:58 1771608238: mosquitto version 2.1.2 terminating
2026-02-21 01:24:05 1771608245: Error: 'max_packet_size' must be >= 20.
2026-02-21 01:24:05 1771608245: Error found at /mosquitto/config/mosquitto.conf:28.
2026-02-21 01:24:05 1771608245: mosquitto version 2.1.2 terminating
2026-02-21 01:24:18 1771608258: Error: 'max_packet_size' must be >= 20.
2026-02-21 01:24:18 1771608258: Error found at /mosquitto/config/mosquitto.conf:28.
2026-02-21 01:24:18 1771608258: mosquitto version 2.1.2 terminating
