chunk-WERSD76P.js?v=3e6b5b80:21551 Download the React DevTools for a better development experience: https://reactjs.org/link/react-devtools
index.js:1 content loaded
client.ts:42 [WebSocket] Connecting to http://localhost:3000
react-router-dom.js?v=4079296d:4436 ⚠️ React Router Future Flag Warning: React Router will begin wrapping state updates in `React.startTransition` in v7. You can use the `v7_startTransition` future flag to opt-in early. For more information, see https://reactrouter.com/v6/upgrading/future#v7_starttransition.
warnOnce @ react-router-dom.js?v=4079296d:4436
logDeprecation @ react-router-dom.js?v=4079296d:4439
logV6DeprecationWarnings @ react-router-dom.js?v=4079296d:4442
(anonymous) @ react-router-dom.js?v=4079296d:5314
commitHookEffectListMount @ chunk-WERSD76P.js?v=3e6b5b80:16915
commitPassiveMountOnFiber @ chunk-WERSD76P.js?v=3e6b5b80:18156
commitPassiveMountEffects_complete @ chunk-WERSD76P.js?v=3e6b5b80:18129
commitPassiveMountEffects_begin @ chunk-WERSD76P.js?v=3e6b5b80:18119
commitPassiveMountEffects @ chunk-WERSD76P.js?v=3e6b5b80:18109
flushPassiveEffectsImpl @ chunk-WERSD76P.js?v=3e6b5b80:19490
flushPassiveEffects @ chunk-WERSD76P.js?v=3e6b5b80:19447
(anonymous) @ chunk-WERSD76P.js?v=3e6b5b80:19328
workLoop @ chunk-WERSD76P.js?v=3e6b5b80:197
flushWork @ chunk-WERSD76P.js?v=3e6b5b80:176
performWorkUntilDeadline @ chunk-WERSD76P.js?v=3e6b5b80:384
react-router-dom.js?v=4079296d:4436 ⚠️ React Router Future Flag Warning: Relative route resolution within Splat routes is changing in v7. You can use the `v7_relativeSplatPath` future flag to opt-in early. For more information, see https://reactrouter.com/v6/upgrading/future#v7_relativesplatpath.
warnOnce @ react-router-dom.js?v=4079296d:4436
logDeprecation @ react-router-dom.js?v=4079296d:4439
logV6DeprecationWarnings @ react-router-dom.js?v=4079296d:4445
(anonymous) @ react-router-dom.js?v=4079296d:5314
commitHookEffectListMount @ chunk-WERSD76P.js?v=3e6b5b80:16915
commitPassiveMountOnFiber @ chunk-WERSD76P.js?v=3e6b5b80:18156
commitPassiveMountEffects_complete @ chunk-WERSD76P.js?v=3e6b5b80:18129
commitPassiveMountEffects_begin @ chunk-WERSD76P.js?v=3e6b5b80:18119
commitPassiveMountEffects @ chunk-WERSD76P.js?v=3e6b5b80:18109
flushPassiveEffectsImpl @ chunk-WERSD76P.js?v=3e6b5b80:19490
flushPassiveEffects @ chunk-WERSD76P.js?v=3e6b5b80:19447
(anonymous) @ chunk-WERSD76P.js?v=3e6b5b80:19328
workLoop @ chunk-WERSD76P.js?v=3e6b5b80:197
flushWork @ chunk-WERSD76P.js?v=3e6b5b80:176
performWorkUntilDeadline @ chunk-WERSD76P.js?v=3e6b5b80:384
client.ts:207 [WebSocket] Disconnecting
client.ts:212 WebSocket connection to 'ws://localhost:3000/realtime/?EIO=4&transport=websocket' failed: WebSocket is closed before the connection is established.
doClose @ socket__io-client.js?v=83555e2f:1500
close @ socket__io-client.js?v=83555e2f:976
_onClose @ socket__io-client.js?v=83555e2f:2074
close @ socket__io-client.js?v=83555e2f:2021
close @ socket__io-client.js?v=83555e2f:2046
onclose @ socket__io-client.js?v=83555e2f:3816
_close @ socket__io-client.js?v=83555e2f:3794
_destroy @ socket__io-client.js?v=83555e2f:3762
destroy @ socket__io-client.js?v=83555e2f:3248
disconnect @ socket__io-client.js?v=83555e2f:3270
disconnect @ client.ts:212
cleanupWebSocket @ client.ts:253
(anonymous) @ App.tsx:35
safelyCallDestroy @ chunk-WERSD76P.js?v=3e6b5b80:16748
commitHookEffectListUnmount @ chunk-WERSD76P.js?v=3e6b5b80:16875
invokePassiveEffectUnmountInDEV @ chunk-WERSD76P.js?v=3e6b5b80:18363
invokeEffectsInDev @ chunk-WERSD76P.js?v=3e6b5b80:19701
commitDoubleInvokeEffectsInDEV @ chunk-WERSD76P.js?v=3e6b5b80:19682
flushPassiveEffectsImpl @ chunk-WERSD76P.js?v=3e6b5b80:19503
flushPassiveEffects @ chunk-WERSD76P.js?v=3e6b5b80:19447
(anonymous) @ chunk-WERSD76P.js?v=3e6b5b80:19328
workLoop @ chunk-WERSD76P.js?v=3e6b5b80:197
flushWork @ chunk-WERSD76P.js?v=3e6b5b80:176
performWorkUntilDeadline @ chunk-WERSD76P.js?v=3e6b5b80:384
client.ts:42 [WebSocket] Connecting to http://localhost:3000
index.59b2ae62.js:3 Content Script: Initializing
chunk-2QYDVEGE.js?v=3e6b5b80:1248 Warning: [antd: Dropdown] `overlay` is deprecated. Please use `menu` instead.
warning @ chunk-2QYDVEGE.js?v=3e6b5b80:1248
call @ chunk-2QYDVEGE.js?v=3e6b5b80:1267
warningOnce @ chunk-2QYDVEGE.js?v=3e6b5b80:1272
_warning @ antd.js?v=f580e9b3:3672
typeWarning @ antd.js?v=f580e9b3:3699
typeWarning.deprecated @ antd.js?v=f580e9b3:3704
(anonymous) @ antd.js?v=f580e9b3:34997
Dropdown2 @ antd.js?v=f580e9b3:34996
renderWithHooks @ chunk-WERSD76P.js?v=3e6b5b80:11548
mountIndeterminateComponent @ chunk-WERSD76P.js?v=3e6b5b80:14926
beginWork @ chunk-WERSD76P.js?v=3e6b5b80:15914
beginWork$1 @ chunk-WERSD76P.js?v=3e6b5b80:19753
performUnitOfWork @ chunk-WERSD76P.js?v=3e6b5b80:19198
workLoopConcurrent @ chunk-WERSD76P.js?v=3e6b5b80:19189
renderRootConcurrent @ chunk-WERSD76P.js?v=3e6b5b80:19164
performConcurrentWorkOnRoot @ chunk-WERSD76P.js?v=3e6b5b80:18678
workLoop @ chunk-WERSD76P.js?v=3e6b5b80:197
flushWork @ chunk-WERSD76P.js?v=3e6b5b80:176
performWorkUntilDeadline @ chunk-WERSD76P.js?v=3e6b5b80:384
chunk-2QYDVEGE.js?v=3e6b5b80:1248 Warning: [antd: Spin] `tip` only work in nest or fullscreen pattern.
warning @ chunk-2QYDVEGE.js?v=3e6b5b80:1248
call @ chunk-2QYDVEGE.js?v=3e6b5b80:1267
warningOnce @ chunk-2QYDVEGE.js?v=3e6b5b80:1272
_warning @ antd.js?v=f580e9b3:3672
typeWarning @ antd.js?v=f580e9b3:3699
Spin @ antd.js?v=f580e9b3:68443
renderWithHooks @ chunk-WERSD76P.js?v=3e6b5b80:11548
mountIndeterminateComponent @ chunk-WERSD76P.js?v=3e6b5b80:14926
beginWork @ chunk-WERSD76P.js?v=3e6b5b80:15914
beginWork$1 @ chunk-WERSD76P.js?v=3e6b5b80:19753
performUnitOfWork @ chunk-WERSD76P.js?v=3e6b5b80:19198
workLoopConcurrent @ chunk-WERSD76P.js?v=3e6b5b80:19189
renderRootConcurrent @ chunk-WERSD76P.js?v=3e6b5b80:19164
performConcurrentWorkOnRoot @ chunk-WERSD76P.js?v=3e6b5b80:18678
workLoop @ chunk-WERSD76P.js?v=3e6b5b80:197
flushWork @ chunk-WERSD76P.js?v=3e6b5b80:176
performWorkUntilDeadline @ chunk-WERSD76P.js?v=3e6b5b80:384
DeviceList.tsx:35 Warning: Each child in a list should have a unique "key" prop.

Check the render method of `DeviceList`. See https://reactjs.org/link/warning-keys for more information.
    at DeviceCard (http://localhost:5173/src/components/molecules/DeviceCard.tsx:21:3)
    at DeviceList (http://localhost:5173/src/components/organisms/DeviceList.tsx:22:23)
    at div
    at main
    at http://localhost:5173/node_modules/.vite/deps/antd.js?v=f580e9b3:66530:16
    at Content
    at div
    at http://localhost:5173/node_modules/.vite/deps/antd.js?v=f580e9b3:66549:16
    at Layout
    at DashboardLayout (http://localhost:5173/src/components/templates/DashboardLayout.tsx:26:28)
    at DashboardPage (http://localhost:5173/src/pages/DashboardPage/DashboardPage.tsx:33:7)
    at ProtectedRoute (http://localhost:5173/src/routes.tsx:35:27)
    at RenderedRoute (http://localhost:5173/node_modules/.vite/deps/react-router-dom.js?v=4079296d:4131:5)
    at Routes (http://localhost:5173/node_modules/.vite/deps/react-router-dom.js?v=4079296d:4601:5)
    at AppRoutes
    at Suspense
    at div
    at QueryClientProvider (http://localhost:5173/node_modules/.vite/deps/@tanstack_react-query.js?v=4d496d75:3168:3)
    at ErrorBoundary (http://localhost:5173/src/components/ErrorBoundary.tsx:6:1)
    at App (http://localhost:5173/src/App.tsx:38:27)
    at LocaleProvider (http://localhost:5173/node_modules/.vite/deps/antd.js?v=f580e9b3:4001:13)
    at MotionWrapper (http://localhost:5173/node_modules/.vite/deps/antd.js?v=f580e9b3:6535:32)
    at ProviderChildren (http://localhost:5173/node_modules/.vite/deps/antd.js?v=f580e9b3:6643:5)
    at ConfigProvider (http://localhost:5173/node_modules/.vite/deps/antd.js?v=f580e9b3:6934:27)
    at QueryClientProvider (http://localhost:5173/node_modules/.vite/deps/@tanstack_react-query.js?v=4d496d75:3168:3)
    at Router (http://localhost:5173/node_modules/.vite/deps/react-router-dom.js?v=4079296d:4544:15)
    at BrowserRouter (http://localhost:5173/node_modules/.vite/deps/react-router-dom.js?v=4079296d:5290:5)
printWarning @ react_jsx-dev-runtime.js?v=3b4daf73:64
error @ react_jsx-dev-runtime.js?v=3b4daf73:48
validateExplicitKey @ react_jsx-dev-runtime.js?v=3b4daf73:724
validateChildKeys @ react_jsx-dev-runtime.js?v=3b4daf73:737
jsxWithValidation @ react_jsx-dev-runtime.js?v=3b4daf73:855
DeviceList @ DeviceList.tsx:35
renderWithHooks @ chunk-WERSD76P.js?v=3e6b5b80:11548
mountIndeterminateComponent @ chunk-WERSD76P.js?v=3e6b5b80:14926
beginWork @ chunk-WERSD76P.js?v=3e6b5b80:15914
beginWork$1 @ chunk-WERSD76P.js?v=3e6b5b80:19753
performUnitOfWork @ chunk-WERSD76P.js?v=3e6b5b80:19198
workLoopSync @ chunk-WERSD76P.js?v=3e6b5b80:19137
renderRootSync @ chunk-WERSD76P.js?v=3e6b5b80:19116
performSyncWorkOnRoot @ chunk-WERSD76P.js?v=3e6b5b80:18874
flushSyncCallbacks @ chunk-WERSD76P.js?v=3e6b5b80:9119
(anonymous) @ chunk-WERSD76P.js?v=3e6b5b80:18627
setTimeout
systemSetTimeoutZero @ @tanstack_react-query.js?v=4d496d75:103
flush @ @tanstack_react-query.js?v=4d496d75:637
batch @ @tanstack_react-query.js?v=4d496d75:655
dispatch_fn @ @tanstack_react-query.js?v=4d496d75:1285
setData @ @tanstack_react-query.js?v=4d496d75:957
fetch @ @tanstack_react-query.js?v=4d496d75:1179
await in fetch
executeFetch_fn @ @tanstack_react-query.js?v=4d496d75:1678
onSubscribe @ @tanstack_react-query.js?v=4d496d75:1369
subscribe @ @tanstack_react-query.js?v=4d496d75:24
(anonymous) @ @tanstack_react-query.js?v=4d496d75:3384
subscribeToStore @ chunk-WERSD76P.js?v=3e6b5b80:11984
commitHookEffectListMount @ chunk-WERSD76P.js?v=3e6b5b80:16915
commitPassiveMountOnFiber @ chunk-WERSD76P.js?v=3e6b5b80:18156
commitPassiveMountEffects_complete @ chunk-WERSD76P.js?v=3e6b5b80:18129
commitPassiveMountEffects_begin @ chunk-WERSD76P.js?v=3e6b5b80:18119
commitPassiveMountEffects @ chunk-WERSD76P.js?v=3e6b5b80:18109
flushPassiveEffectsImpl @ chunk-WERSD76P.js?v=3e6b5b80:19490
flushPassiveEffects @ chunk-WERSD76P.js?v=3e6b5b80:19447
performSyncWorkOnRoot @ chunk-WERSD76P.js?v=3e6b5b80:18868
flushSyncCallbacks @ chunk-WERSD76P.js?v=3e6b5b80:9119
commitRootImpl @ chunk-WERSD76P.js?v=3e6b5b80:19432
commitRoot @ chunk-WERSD76P.js?v=3e6b5b80:19277
finishConcurrentRender @ chunk-WERSD76P.js?v=3e6b5b80:18805
performConcurrentWorkOnRoot @ chunk-WERSD76P.js?v=3e6b5b80:18718
workLoop @ chunk-WERSD76P.js?v=3e6b5b80:197
flushWork @ chunk-WERSD76P.js?v=3e6b5b80:176
performWorkUntilDeadline @ chunk-WERSD76P.js?v=3e6b5b80:384
DeviceCard.tsx:69 Uncaught TypeError: Cannot read properties of undefined (reading 'toFixed')
    at DeviceCard (DeviceCard.tsx:69:53)
    at renderWithHooks (chunk-WERSD76P.js?v=3e6b5b80:11548:26)
    at mountIndeterminateComponent (chunk-WERSD76P.js?v=3e6b5b80:14926:21)
    at beginWork (chunk-WERSD76P.js?v=3e6b5b80:15914:22)
    at HTMLUnknownElement.callCallback2 (chunk-WERSD76P.js?v=3e6b5b80:3674:22)
    at Object.invokeGuardedCallbackDev (chunk-WERSD76P.js?v=3e6b5b80:3699:24)
    at invokeGuardedCallback (chunk-WERSD76P.js?v=3e6b5b80:3733:39)
    at beginWork$1 (chunk-WERSD76P.js?v=3e6b5b80:19765:15)
    at performUnitOfWork (chunk-WERSD76P.js?v=3e6b5b80:19198:20)
    at workLoopSync (chunk-WERSD76P.js?v=3e6b5b80:19137:13)
DeviceCard @ DeviceCard.tsx:69
renderWithHooks @ chunk-WERSD76P.js?v=3e6b5b80:11548
mountIndeterminateComponent @ chunk-WERSD76P.js?v=3e6b5b80:14926
beginWork @ chunk-WERSD76P.js?v=3e6b5b80:15914
callCallback2 @ chunk-WERSD76P.js?v=3e6b5b80:3674
invokeGuardedCallbackDev @ chunk-WERSD76P.js?v=3e6b5b80:3699
invokeGuardedCallback @ chunk-WERSD76P.js?v=3e6b5b80:3733
beginWork$1 @ chunk-WERSD76P.js?v=3e6b5b80:19765
performUnitOfWork @ chunk-WERSD76P.js?v=3e6b5b80:19198
workLoopSync @ chunk-WERSD76P.js?v=3e6b5b80:19137
renderRootSync @ chunk-WERSD76P.js?v=3e6b5b80:19116
performSyncWorkOnRoot @ chunk-WERSD76P.js?v=3e6b5b80:18874
flushSyncCallbacks @ chunk-WERSD76P.js?v=3e6b5b80:9119
(anonymous) @ chunk-WERSD76P.js?v=3e6b5b80:18627
setTimeout
systemSetTimeoutZero @ @tanstack_react-query.js?v=4d496d75:103
flush @ @tanstack_react-query.js?v=4d496d75:637
batch @ @tanstack_react-query.js?v=4d496d75:655
dispatch_fn @ @tanstack_react-query.js?v=4d496d75:1285
setData @ @tanstack_react-query.js?v=4d496d75:957
fetch @ @tanstack_react-query.js?v=4d496d75:1179
await in fetch
executeFetch_fn @ @tanstack_react-query.js?v=4d496d75:1678
onSubscribe @ @tanstack_react-query.js?v=4d496d75:1369
subscribe @ @tanstack_react-query.js?v=4d496d75:24
(anonymous) @ @tanstack_react-query.js?v=4d496d75:3384
subscribeToStore @ chunk-WERSD76P.js?v=3e6b5b80:11984
commitHookEffectListMount @ chunk-WERSD76P.js?v=3e6b5b80:16915
commitPassiveMountOnFiber @ chunk-WERSD76P.js?v=3e6b5b80:18156
commitPassiveMountEffects_complete @ chunk-WERSD76P.js?v=3e6b5b80:18129
commitPassiveMountEffects_begin @ chunk-WERSD76P.js?v=3e6b5b80:18119
commitPassiveMountEffects @ chunk-WERSD76P.js?v=3e6b5b80:18109
flushPassiveEffectsImpl @ chunk-WERSD76P.js?v=3e6b5b80:19490
flushPassiveEffects @ chunk-WERSD76P.js?v=3e6b5b80:19447
performSyncWorkOnRoot @ chunk-WERSD76P.js?v=3e6b5b80:18868
flushSyncCallbacks @ chunk-WERSD76P.js?v=3e6b5b80:9119
commitRootImpl @ chunk-WERSD76P.js?v=3e6b5b80:19432
commitRoot @ chunk-WERSD76P.js?v=3e6b5b80:19277
finishConcurrentRender @ chunk-WERSD76P.js?v=3e6b5b80:18805
performConcurrentWorkOnRoot @ chunk-WERSD76P.js?v=3e6b5b80:18718
workLoop @ chunk-WERSD76P.js?v=3e6b5b80:197
flushWork @ chunk-WERSD76P.js?v=3e6b5b80:176
performWorkUntilDeadline @ chunk-WERSD76P.js?v=3e6b5b80:384
DeviceCard.tsx:69 Uncaught TypeError: Cannot read properties of undefined (reading 'toFixed')
    at DeviceCard (DeviceCard.tsx:69:53)
    at renderWithHooks (chunk-WERSD76P.js?v=3e6b5b80:11548:26)
    at mountIndeterminateComponent (chunk-WERSD76P.js?v=3e6b5b80:14926:21)
    at beginWork (chunk-WERSD76P.js?v=3e6b5b80:15914:22)
    at HTMLUnknownElement.callCallback2 (chunk-WERSD76P.js?v=3e6b5b80:3674:22)
    at Object.invokeGuardedCallbackDev (chunk-WERSD76P.js?v=3e6b5b80:3699:24)
    at invokeGuardedCallback (chunk-WERSD76P.js?v=3e6b5b80:3733:39)
    at beginWork$1 (chunk-WERSD76P.js?v=3e6b5b80:19765:15)
    at performUnitOfWork (chunk-WERSD76P.js?v=3e6b5b80:19198:20)
    at workLoopSync (chunk-WERSD76P.js?v=3e6b5b80:19137:13)
DeviceCard @ DeviceCard.tsx:69
renderWithHooks @ chunk-WERSD76P.js?v=3e6b5b80:11548
mountIndeterminateComponent @ chunk-WERSD76P.js?v=3e6b5b80:14926
beginWork @ chunk-WERSD76P.js?v=3e6b5b80:15914
callCallback2 @ chunk-WERSD76P.js?v=3e6b5b80:3674
invokeGuardedCallbackDev @ chunk-WERSD76P.js?v=3e6b5b80:3699
invokeGuardedCallback @ chunk-WERSD76P.js?v=3e6b5b80:3733
beginWork$1 @ chunk-WERSD76P.js?v=3e6b5b80:19765
performUnitOfWork @ chunk-WERSD76P.js?v=3e6b5b80:19198
workLoopSync @ chunk-WERSD76P.js?v=3e6b5b80:19137
renderRootSync @ chunk-WERSD76P.js?v=3e6b5b80:19116
performSyncWorkOnRoot @ chunk-WERSD76P.js?v=3e6b5b80:18874
flushSyncCallbacks @ chunk-WERSD76P.js?v=3e6b5b80:9119
(anonymous) @ chunk-WERSD76P.js?v=3e6b5b80:18627
setTimeout
systemSetTimeoutZero @ @tanstack_react-query.js?v=4d496d75:103
flush @ @tanstack_react-query.js?v=4d496d75:637
batch @ @tanstack_react-query.js?v=4d496d75:655
dispatch_fn @ @tanstack_react-query.js?v=4d496d75:1285
setData @ @tanstack_react-query.js?v=4d496d75:957
fetch @ @tanstack_react-query.js?v=4d496d75:1179
await in fetch
executeFetch_fn @ @tanstack_react-query.js?v=4d496d75:1678
onSubscribe @ @tanstack_react-query.js?v=4d496d75:1369
subscribe @ @tanstack_react-query.js?v=4d496d75:24
(anonymous) @ @tanstack_react-query.js?v=4d496d75:3384
subscribeToStore @ chunk-WERSD76P.js?v=3e6b5b80:11984
commitHookEffectListMount @ chunk-WERSD76P.js?v=3e6b5b80:16915
commitPassiveMountOnFiber @ chunk-WERSD76P.js?v=3e6b5b80:18156
commitPassiveMountEffects_complete @ chunk-WERSD76P.js?v=3e6b5b80:18129
commitPassiveMountEffects_begin @ chunk-WERSD76P.js?v=3e6b5b80:18119
commitPassiveMountEffects @ chunk-WERSD76P.js?v=3e6b5b80:18109
flushPassiveEffectsImpl @ chunk-WERSD76P.js?v=3e6b5b80:19490
flushPassiveEffects @ chunk-WERSD76P.js?v=3e6b5b80:19447
performSyncWorkOnRoot @ chunk-WERSD76P.js?v=3e6b5b80:18868
flushSyncCallbacks @ chunk-WERSD76P.js?v=3e6b5b80:9119
commitRootImpl @ chunk-WERSD76P.js?v=3e6b5b80:19432
commitRoot @ chunk-WERSD76P.js?v=3e6b5b80:19277
finishConcurrentRender @ chunk-WERSD76P.js?v=3e6b5b80:18805
performConcurrentWorkOnRoot @ chunk-WERSD76P.js?v=3e6b5b80:18718
workLoop @ chunk-WERSD76P.js?v=3e6b5b80:197
flushWork @ chunk-WERSD76P.js?v=3e6b5b80:176
performWorkUntilDeadline @ chunk-WERSD76P.js?v=3e6b5b80:384
DeviceCard.tsx:69 Uncaught TypeError: Cannot read properties of undefined (reading 'toFixed')
    at DeviceCard (DeviceCard.tsx:69:53)
    at renderWithHooks (chunk-WERSD76P.js?v=3e6b5b80:11548:26)
    at mountIndeterminateComponent (chunk-WERSD76P.js?v=3e6b5b80:14926:21)
    at beginWork (chunk-WERSD76P.js?v=3e6b5b80:15914:22)
    at HTMLUnknownElement.callCallback2 (chunk-WERSD76P.js?v=3e6b5b80:3674:22)
    at Object.invokeGuardedCallbackDev (chunk-WERSD76P.js?v=3e6b5b80:3699:24)
    at invokeGuardedCallback (chunk-WERSD76P.js?v=3e6b5b80:3733:39)
    at beginWork$1 (chunk-WERSD76P.js?v=3e6b5b80:19765:15)
    at performUnitOfWork (chunk-WERSD76P.js?v=3e6b5b80:19198:20)
    at workLoopSync (chunk-WERSD76P.js?v=3e6b5b80:19137:13)
DeviceCard @ DeviceCard.tsx:69
renderWithHooks @ chunk-WERSD76P.js?v=3e6b5b80:11548
mountIndeterminateComponent @ chunk-WERSD76P.js?v=3e6b5b80:14926
beginWork @ chunk-WERSD76P.js?v=3e6b5b80:15914
callCallback2 @ chunk-WERSD76P.js?v=3e6b5b80:3674
invokeGuardedCallbackDev @ chunk-WERSD76P.js?v=3e6b5b80:3699
invokeGuardedCallback @ chunk-WERSD76P.js?v=3e6b5b80:3733
beginWork$1 @ chunk-WERSD76P.js?v=3e6b5b80:19765
performUnitOfWork @ chunk-WERSD76P.js?v=3e6b5b80:19198
workLoopSync @ chunk-WERSD76P.js?v=3e6b5b80:19137
renderRootSync @ chunk-WERSD76P.js?v=3e6b5b80:19116
performSyncWorkOnRoot @ chunk-WERSD76P.js?v=3e6b5b80:18874
flushSyncCallbacks @ chunk-WERSD76P.js?v=3e6b5b80:9119
(anonymous) @ chunk-WERSD76P.js?v=3e6b5b80:18627
setTimeout
systemSetTimeoutZero @ @tanstack_react-query.js?v=4d496d75:103
flush @ @tanstack_react-query.js?v=4d496d75:637
batch @ @tanstack_react-query.js?v=4d496d75:655
dispatch_fn @ @tanstack_react-query.js?v=4d496d75:1285
setData @ @tanstack_react-query.js?v=4d496d75:957
fetch @ @tanstack_react-query.js?v=4d496d75:1179
await in fetch
executeFetch_fn @ @tanstack_react-query.js?v=4d496d75:1678
onSubscribe @ @tanstack_react-query.js?v=4d496d75:1369
subscribe @ @tanstack_react-query.js?v=4d496d75:24
(anonymous) @ @tanstack_react-query.js?v=4d496d75:3384
subscribeToStore @ chunk-WERSD76P.js?v=3e6b5b80:11984
commitHookEffectListMount @ chunk-WERSD76P.js?v=3e6b5b80:16915
commitPassiveMountOnFiber @ chunk-WERSD76P.js?v=3e6b5b80:18156
commitPassiveMountEffects_complete @ chunk-WERSD76P.js?v=3e6b5b80:18129
commitPassiveMountEffects_begin @ chunk-WERSD76P.js?v=3e6b5b80:18119
commitPassiveMountEffects @ chunk-WERSD76P.js?v=3e6b5b80:18109
flushPassiveEffectsImpl @ chunk-WERSD76P.js?v=3e6b5b80:19490
flushPassiveEffects @ chunk-WERSD76P.js?v=3e6b5b80:19447
performSyncWorkOnRoot @ chunk-WERSD76P.js?v=3e6b5b80:18868
flushSyncCallbacks @ chunk-WERSD76P.js?v=3e6b5b80:9119
commitRootImpl @ chunk-WERSD76P.js?v=3e6b5b80:19432
commitRoot @ chunk-WERSD76P.js?v=3e6b5b80:19277
finishConcurrentRender @ chunk-WERSD76P.js?v=3e6b5b80:18805
performConcurrentWorkOnRoot @ chunk-WERSD76P.js?v=3e6b5b80:18718
workLoop @ chunk-WERSD76P.js?v=3e6b5b80:197
flushWork @ chunk-WERSD76P.js?v=3e6b5b80:176
performWorkUntilDeadline @ chunk-WERSD76P.js?v=3e6b5b80:384
DeviceCard.tsx:69 Uncaught TypeError: Cannot read properties of undefined (reading 'toFixed')
    at DeviceCard (DeviceCard.tsx:69:53)
    at renderWithHooks (chunk-WERSD76P.js?v=3e6b5b80:11548:26)
    at mountIndeterminateComponent (chunk-WERSD76P.js?v=3e6b5b80:14926:21)
    at beginWork (chunk-WERSD76P.js?v=3e6b5b80:15914:22)
    at HTMLUnknownElement.callCallback2 (chunk-WERSD76P.js?v=3e6b5b80:3674:22)
    at Object.invokeGuardedCallbackDev (chunk-WERSD76P.js?v=3e6b5b80:3699:24)
    at invokeGuardedCallback (chunk-WERSD76P.js?v=3e6b5b80:3733:39)
    at beginWork$1 (chunk-WERSD76P.js?v=3e6b5b80:19765:15)
    at performUnitOfWork (chunk-WERSD76P.js?v=3e6b5b80:19198:20)
    at workLoopSync (chunk-WERSD76P.js?v=3e6b5b80:19137:13)
DeviceCard @ DeviceCard.tsx:69
renderWithHooks @ chunk-WERSD76P.js?v=3e6b5b80:11548
mountIndeterminateComponent @ chunk-WERSD76P.js?v=3e6b5b80:14926
beginWork @ chunk-WERSD76P.js?v=3e6b5b80:15914
callCallback2 @ chunk-WERSD76P.js?v=3e6b5b80:3674
invokeGuardedCallbackDev @ chunk-WERSD76P.js?v=3e6b5b80:3699
invokeGuardedCallback @ chunk-WERSD76P.js?v=3e6b5b80:3733
beginWork$1 @ chunk-WERSD76P.js?v=3e6b5b80:19765
performUnitOfWork @ chunk-WERSD76P.js?v=3e6b5b80:19198
workLoopSync @ chunk-WERSD76P.js?v=3e6b5b80:19137
renderRootSync @ chunk-WERSD76P.js?v=3e6b5b80:19116
recoverFromConcurrentError @ chunk-WERSD76P.js?v=3e6b5b80:18736
performSyncWorkOnRoot @ chunk-WERSD76P.js?v=3e6b5b80:18879
flushSyncCallbacks @ chunk-WERSD76P.js?v=3e6b5b80:9119
(anonymous) @ chunk-WERSD76P.js?v=3e6b5b80:18627
setTimeout
systemSetTimeoutZero @ @tanstack_react-query.js?v=4d496d75:103
flush @ @tanstack_react-query.js?v=4d496d75:637
batch @ @tanstack_react-query.js?v=4d496d75:655
dispatch_fn @ @tanstack_react-query.js?v=4d496d75:1285
setData @ @tanstack_react-query.js?v=4d496d75:957
fetch @ @tanstack_react-query.js?v=4d496d75:1179
await in fetch
executeFetch_fn @ @tanstack_react-query.js?v=4d496d75:1678
onSubscribe @ @tanstack_react-query.js?v=4d496d75:1369
subscribe @ @tanstack_react-query.js?v=4d496d75:24
(anonymous) @ @tanstack_react-query.js?v=4d496d75:3384
subscribeToStore @ chunk-WERSD76P.js?v=3e6b5b80:11984
commitHookEffectListMount @ chunk-WERSD76P.js?v=3e6b5b80:16915
commitPassiveMountOnFiber @ chunk-WERSD76P.js?v=3e6b5b80:18156
commitPassiveMountEffects_complete @ chunk-WERSD76P.js?v=3e6b5b80:18129
commitPassiveMountEffects_begin @ chunk-WERSD76P.js?v=3e6b5b80:18119
commitPassiveMountEffects @ chunk-WERSD76P.js?v=3e6b5b80:18109
flushPassiveEffectsImpl @ chunk-WERSD76P.js?v=3e6b5b80:19490
flushPassiveEffects @ chunk-WERSD76P.js?v=3e6b5b80:19447
performSyncWorkOnRoot @ chunk-WERSD76P.js?v=3e6b5b80:18868
flushSyncCallbacks @ chunk-WERSD76P.js?v=3e6b5b80:9119
commitRootImpl @ chunk-WERSD76P.js?v=3e6b5b80:19432
commitRoot @ chunk-WERSD76P.js?v=3e6b5b80:19277
finishConcurrentRender @ chunk-WERSD76P.js?v=3e6b5b80:18805
performConcurrentWorkOnRoot @ chunk-WERSD76P.js?v=3e6b5b80:18718
workLoop @ chunk-WERSD76P.js?v=3e6b5b80:197
flushWork @ chunk-WERSD76P.js?v=3e6b5b80:176
performWorkUntilDeadline @ chunk-WERSD76P.js?v=3e6b5b80:384
DeviceCard.tsx:69 Uncaught TypeError: Cannot read properties of undefined (reading 'toFixed')
    at DeviceCard (DeviceCard.tsx:69:53)
    at renderWithHooks (chunk-WERSD76P.js?v=3e6b5b80:11548:26)
    at mountIndeterminateComponent (chunk-WERSD76P.js?v=3e6b5b80:14926:21)
    at beginWork (chunk-WERSD76P.js?v=3e6b5b80:15914:22)
    at HTMLUnknownElement.callCallback2 (chunk-WERSD76P.js?v=3e6b5b80:3674:22)
    at Object.invokeGuardedCallbackDev (chunk-WERSD76P.js?v=3e6b5b80:3699:24)
    at invokeGuardedCallback (chunk-WERSD76P.js?v=3e6b5b80:3733:39)
    at beginWork$1 (chunk-WERSD76P.js?v=3e6b5b80:19765:15)
    at performUnitOfWork (chunk-WERSD76P.js?v=3e6b5b80:19198:20)
    at workLoopSync (chunk-WERSD76P.js?v=3e6b5b80:19137:13)
DeviceCard @ DeviceCard.tsx:69
renderWithHooks @ chunk-WERSD76P.js?v=3e6b5b80:11548
mountIndeterminateComponent @ chunk-WERSD76P.js?v=3e6b5b80:14926
beginWork @ chunk-WERSD76P.js?v=3e6b5b80:15914
callCallback2 @ chunk-WERSD76P.js?v=3e6b5b80:3674
invokeGuardedCallbackDev @ chunk-WERSD76P.js?v=3e6b5b80:3699
invokeGuardedCallback @ chunk-WERSD76P.js?v=3e6b5b80:3733
beginWork$1 @ chunk-WERSD76P.js?v=3e6b5b80:19765
performUnitOfWork @ chunk-WERSD76P.js?v=3e6b5b80:19198
workLoopSync @ chunk-WERSD76P.js?v=3e6b5b80:19137
renderRootSync @ chunk-WERSD76P.js?v=3e6b5b80:19116
recoverFromConcurrentError @ chunk-WERSD76P.js?v=3e6b5b80:18736
performSyncWorkOnRoot @ chunk-WERSD76P.js?v=3e6b5b80:18879
flushSyncCallbacks @ chunk-WERSD76P.js?v=3e6b5b80:9119
(anonymous) @ chunk-WERSD76P.js?v=3e6b5b80:18627
setTimeout
systemSetTimeoutZero @ @tanstack_react-query.js?v=4d496d75:103
flush @ @tanstack_react-query.js?v=4d496d75:637
batch @ @tanstack_react-query.js?v=4d496d75:655
dispatch_fn @ @tanstack_react-query.js?v=4d496d75:1285
setData @ @tanstack_react-query.js?v=4d496d75:957
fetch @ @tanstack_react-query.js?v=4d496d75:1179
await in fetch
executeFetch_fn @ @tanstack_react-query.js?v=4d496d75:1678
onSubscribe @ @tanstack_react-query.js?v=4d496d75:1369
subscribe @ @tanstack_react-query.js?v=4d496d75:24
(anonymous) @ @tanstack_react-query.js?v=4d496d75:3384
subscribeToStore @ chunk-WERSD76P.js?v=3e6b5b80:11984
commitHookEffectListMount @ chunk-WERSD76P.js?v=3e6b5b80:16915
commitPassiveMountOnFiber @ chunk-WERSD76P.js?v=3e6b5b80:18156
commitPassiveMountEffects_complete @ chunk-WERSD76P.js?v=3e6b5b80:18129
commitPassiveMountEffects_begin @ chunk-WERSD76P.js?v=3e6b5b80:18119
commitPassiveMountEffects @ chunk-WERSD76P.js?v=3e6b5b80:18109
flushPassiveEffectsImpl @ chunk-WERSD76P.js?v=3e6b5b80:19490
flushPassiveEffects @ chunk-WERSD76P.js?v=3e6b5b80:19447
performSyncWorkOnRoot @ chunk-WERSD76P.js?v=3e6b5b80:18868
flushSyncCallbacks @ chunk-WERSD76P.js?v=3e6b5b80:9119
commitRootImpl @ chunk-WERSD76P.js?v=3e6b5b80:19432
commitRoot @ chunk-WERSD76P.js?v=3e6b5b80:19277
finishConcurrentRender @ chunk-WERSD76P.js?v=3e6b5b80:18805
performConcurrentWorkOnRoot @ chunk-WERSD76P.js?v=3e6b5b80:18718
workLoop @ chunk-WERSD76P.js?v=3e6b5b80:197
flushWork @ chunk-WERSD76P.js?v=3e6b5b80:176
performWorkUntilDeadline @ chunk-WERSD76P.js?v=3e6b5b80:384
DeviceCard.tsx:69 Uncaught TypeError: Cannot read properties of undefined (reading 'toFixed')
    at DeviceCard (DeviceCard.tsx:69:53)
    at renderWithHooks (chunk-WERSD76P.js?v=3e6b5b80:11548:26)
    at mountIndeterminateComponent (chunk-WERSD76P.js?v=3e6b5b80:14926:21)
    at beginWork (chunk-WERSD76P.js?v=3e6b5b80:15914:22)
    at HTMLUnknownElement.callCallback2 (chunk-WERSD76P.js?v=3e6b5b80:3674:22)
    at Object.invokeGuardedCallbackDev (chunk-WERSD76P.js?v=3e6b5b80:3699:24)
    at invokeGuardedCallback (chunk-WERSD76P.js?v=3e6b5b80:3733:39)
    at beginWork$1 (chunk-WERSD76P.js?v=3e6b5b80:19765:15)
    at performUnitOfWork (chunk-WERSD76P.js?v=3e6b5b80:19198:20)
    at workLoopSync (chunk-WERSD76P.js?v=3e6b5b80:19137:13)
DeviceCard @ DeviceCard.tsx:69
renderWithHooks @ chunk-WERSD76P.js?v=3e6b5b80:11548
mountIndeterminateComponent @ chunk-WERSD76P.js?v=3e6b5b80:14926
beginWork @ chunk-WERSD76P.js?v=3e6b5b80:15914
callCallback2 @ chunk-WERSD76P.js?v=3e6b5b80:3674
invokeGuardedCallbackDev @ chunk-WERSD76P.js?v=3e6b5b80:3699
invokeGuardedCallback @ chunk-WERSD76P.js?v=3e6b5b80:3733
beginWork$1 @ chunk-WERSD76P.js?v=3e6b5b80:19765
performUnitOfWork @ chunk-WERSD76P.js?v=3e6b5b80:19198
workLoopSync @ chunk-WERSD76P.js?v=3e6b5b80:19137
renderRootSync @ chunk-WERSD76P.js?v=3e6b5b80:19116
recoverFromConcurrentError @ chunk-WERSD76P.js?v=3e6b5b80:18736
performSyncWorkOnRoot @ chunk-WERSD76P.js?v=3e6b5b80:18879
flushSyncCallbacks @ chunk-WERSD76P.js?v=3e6b5b80:9119
(anonymous) @ chunk-WERSD76P.js?v=3e6b5b80:18627
setTimeout
systemSetTimeoutZero @ @tanstack_react-query.js?v=4d496d75:103
flush @ @tanstack_react-query.js?v=4d496d75:637
batch @ @tanstack_react-query.js?v=4d496d75:655
dispatch_fn @ @tanstack_react-query.js?v=4d496d75:1285
setData @ @tanstack_react-query.js?v=4d496d75:957
fetch @ @tanstack_react-query.js?v=4d496d75:1179
await in fetch
executeFetch_fn @ @tanstack_react-query.js?v=4d496d75:1678
onSubscribe @ @tanstack_react-query.js?v=4d496d75:1369
subscribe @ @tanstack_react-query.js?v=4d496d75:24
(anonymous) @ @tanstack_react-query.js?v=4d496d75:3384
subscribeToStore @ chunk-WERSD76P.js?v=3e6b5b80:11984
commitHookEffectListMount @ chunk-WERSD76P.js?v=3e6b5b80:16915
commitPassiveMountOnFiber @ chunk-WERSD76P.js?v=3e6b5b80:18156
commitPassiveMountEffects_complete @ chunk-WERSD76P.js?v=3e6b5b80:18129
commitPassiveMountEffects_begin @ chunk-WERSD76P.js?v=3e6b5b80:18119
commitPassiveMountEffects @ chunk-WERSD76P.js?v=3e6b5b80:18109
flushPassiveEffectsImpl @ chunk-WERSD76P.js?v=3e6b5b80:19490
flushPassiveEffects @ chunk-WERSD76P.js?v=3e6b5b80:19447
performSyncWorkOnRoot @ chunk-WERSD76P.js?v=3e6b5b80:18868
flushSyncCallbacks @ chunk-WERSD76P.js?v=3e6b5b80:9119
commitRootImpl @ chunk-WERSD76P.js?v=3e6b5b80:19432
commitRoot @ chunk-WERSD76P.js?v=3e6b5b80:19277
finishConcurrentRender @ chunk-WERSD76P.js?v=3e6b5b80:18805
performConcurrentWorkOnRoot @ chunk-WERSD76P.js?v=3e6b5b80:18718
workLoop @ chunk-WERSD76P.js?v=3e6b5b80:197
flushWork @ chunk-WERSD76P.js?v=3e6b5b80:176
performWorkUntilDeadline @ chunk-WERSD76P.js?v=3e6b5b80:384
chunk-WERSD76P.js?v=3e6b5b80:14032 The above error occurred in the <DeviceCard> component:

    at DeviceCard (http://localhost:5173/src/components/molecules/DeviceCard.tsx:21:3)
    at div
    at DeviceList (http://localhost:5173/src/components/organisms/DeviceList.tsx:22:23)
    at div
    at main
    at http://localhost:5173/node_modules/.vite/deps/antd.js?v=f580e9b3:66530:16
    at Content
    at div
    at http://localhost:5173/node_modules/.vite/deps/antd.js?v=f580e9b3:66549:16
    at Layout
    at DashboardLayout (http://localhost:5173/src/components/templates/DashboardLayout.tsx:26:28)
    at DashboardPage (http://localhost:5173/src/pages/DashboardPage/DashboardPage.tsx:33:7)
    at ProtectedRoute (http://localhost:5173/src/routes.tsx:35:27)
    at RenderedRoute (http://localhost:5173/node_modules/.vite/deps/react-router-dom.js?v=4079296d:4131:5)
    at Routes (http://localhost:5173/node_modules/.vite/deps/react-router-dom.js?v=4079296d:4601:5)
    at AppRoutes
    at Suspense
    at div
    at QueryClientProvider (http://localhost:5173/node_modules/.vite/deps/@tanstack_react-query.js?v=4d496d75:3168:3)
    at ErrorBoundary (http://localhost:5173/src/components/ErrorBoundary.tsx:6:1)
    at App (http://localhost:5173/src/App.tsx:38:27)
    at LocaleProvider (http://localhost:5173/node_modules/.vite/deps/antd.js?v=f580e9b3:4001:13)
    at MotionWrapper (http://localhost:5173/node_modules/.vite/deps/antd.js?v=f580e9b3:6535:32)
    at ProviderChildren (http://localhost:5173/node_modules/.vite/deps/antd.js?v=f580e9b3:6643:5)
    at ConfigProvider (http://localhost:5173/node_modules/.vite/deps/antd.js?v=f580e9b3:6934:27)
    at QueryClientProvider (http://localhost:5173/node_modules/.vite/deps/@tanstack_react-query.js?v=4d496d75:3168:3)
    at Router (http://localhost:5173/node_modules/.vite/deps/react-router-dom.js?v=4079296d:4544:15)
    at BrowserRouter (http://localhost:5173/node_modules/.vite/deps/react-router-dom.js?v=4079296d:5290:5)

React will try to recreate this component tree from scratch using the error boundary you provided, ErrorBoundary.
logCapturedError @ chunk-WERSD76P.js?v=3e6b5b80:14032
callback @ chunk-WERSD76P.js?v=3e6b5b80:14078
callCallback @ chunk-WERSD76P.js?v=3e6b5b80:11248
commitUpdateQueue @ chunk-WERSD76P.js?v=3e6b5b80:11265
commitLayoutEffectOnFiber @ chunk-WERSD76P.js?v=3e6b5b80:17075
commitLayoutMountEffects_complete @ chunk-WERSD76P.js?v=3e6b5b80:17980
commitLayoutEffects_begin @ chunk-WERSD76P.js?v=3e6b5b80:17969
commitLayoutEffects @ chunk-WERSD76P.js?v=3e6b5b80:17920
commitRootImpl @ chunk-WERSD76P.js?v=3e6b5b80:19353
commitRoot @ chunk-WERSD76P.js?v=3e6b5b80:19277
performSyncWorkOnRoot @ chunk-WERSD76P.js?v=3e6b5b80:18895
flushSyncCallbacks @ chunk-WERSD76P.js?v=3e6b5b80:9119
(anonymous) @ chunk-WERSD76P.js?v=3e6b5b80:18627
setTimeout
systemSetTimeoutZero @ @tanstack_react-query.js?v=4d496d75:103
flush @ @tanstack_react-query.js?v=4d496d75:637
batch @ @tanstack_react-query.js?v=4d496d75:655
dispatch_fn @ @tanstack_react-query.js?v=4d496d75:1285
setData @ @tanstack_react-query.js?v=4d496d75:957
fetch @ @tanstack_react-query.js?v=4d496d75:1179
await in fetch
executeFetch_fn @ @tanstack_react-query.js?v=4d496d75:1678
onSubscribe @ @tanstack_react-query.js?v=4d496d75:1369
subscribe @ @tanstack_react-query.js?v=4d496d75:24
(anonymous) @ @tanstack_react-query.js?v=4d496d75:3384
subscribeToStore @ chunk-WERSD76P.js?v=3e6b5b80:11984
commitHookEffectListMount @ chunk-WERSD76P.js?v=3e6b5b80:16915
commitPassiveMountOnFiber @ chunk-WERSD76P.js?v=3e6b5b80:18156
commitPassiveMountEffects_complete @ chunk-WERSD76P.js?v=3e6b5b80:18129
commitPassiveMountEffects_begin @ chunk-WERSD76P.js?v=3e6b5b80:18119
commitPassiveMountEffects @ chunk-WERSD76P.js?v=3e6b5b80:18109
flushPassiveEffectsImpl @ chunk-WERSD76P.js?v=3e6b5b80:19490
flushPassiveEffects @ chunk-WERSD76P.js?v=3e6b5b80:19447
performSyncWorkOnRoot @ chunk-WERSD76P.js?v=3e6b5b80:18868
flushSyncCallbacks @ chunk-WERSD76P.js?v=3e6b5b80:9119
commitRootImpl @ chunk-WERSD76P.js?v=3e6b5b80:19432
commitRoot @ chunk-WERSD76P.js?v=3e6b5b80:19277
finishConcurrentRender @ chunk-WERSD76P.js?v=3e6b5b80:18805
performConcurrentWorkOnRoot @ chunk-WERSD76P.js?v=3e6b5b80:18718
workLoop @ chunk-WERSD76P.js?v=3e6b5b80:197
flushWork @ chunk-WERSD76P.js?v=3e6b5b80:176
performWorkUntilDeadline @ chunk-WERSD76P.js?v=3e6b5b80:384
ErrorBoundary.tsx:23 ErrorBoundary caught an error: TypeError: Cannot read properties of undefined (reading 'toFixed')
    at DeviceCard (DeviceCard.tsx:69:53)
    at renderWithHooks (chunk-WERSD76P.js?v=3e6b5b80:11548:26)
    at mountIndeterminateComponent (chunk-WERSD76P.js?v=3e6b5b80:14926:21)
    at beginWork (chunk-WERSD76P.js?v=3e6b5b80:15914:22)
    at beginWork$1 (chunk-WERSD76P.js?v=3e6b5b80:19753:22)
    at performUnitOfWork (chunk-WERSD76P.js?v=3e6b5b80:19198:20)
    at workLoopSync (chunk-WERSD76P.js?v=3e6b5b80:19137:13)
    at renderRootSync (chunk-WERSD76P.js?v=3e6b5b80:19116:15)
    at recoverFromConcurrentError (chunk-WERSD76P.js?v=3e6b5b80:18736:28)
    at performSyncWorkOnRoot (chunk-WERSD76P.js?v=3e6b5b80:18879:28) {componentStack: '\n    at DeviceCard (http://localhost:5173/src/comp….vite/deps/react-router-dom.js?v=4079296d:5290:5)'}
componentDidCatch @ ErrorBoundary.tsx:23
callback @ chunk-WERSD76P.js?v=3e6b5b80:14084
callCallback @ chunk-WERSD76P.js?v=3e6b5b80:11248
commitUpdateQueue @ chunk-WERSD76P.js?v=3e6b5b80:11265
commitLayoutEffectOnFiber @ chunk-WERSD76P.js?v=3e6b5b80:17075
commitLayoutMountEffects_complete @ chunk-WERSD76P.js?v=3e6b5b80:17980
commitLayoutEffects_begin @ chunk-WERSD76P.js?v=3e6b5b80:17969
commitLayoutEffects @ chunk-WERSD76P.js?v=3e6b5b80:17920
commitRootImpl @ chunk-WERSD76P.js?v=3e6b5b80:19353
commitRoot @ chunk-WERSD76P.js?v=3e6b5b80:19277
performSyncWorkOnRoot @ chunk-WERSD76P.js?v=3e6b5b80:18895
flushSyncCallbacks @ chunk-WERSD76P.js?v=3e6b5b80:9119
(anonymous) @ chunk-WERSD76P.js?v=3e6b5b80:18627
setTimeout
systemSetTimeoutZero @ @tanstack_react-query.js?v=4d496d75:103
flush @ @tanstack_react-query.js?v=4d496d75:637
batch @ @tanstack_react-query.js?v=4d496d75:655
dispatch_fn @ @tanstack_react-query.js?v=4d496d75:1285
setData @ @tanstack_react-query.js?v=4d496d75:957
fetch @ @tanstack_react-query.js?v=4d496d75:1179
await in fetch
executeFetch_fn @ @tanstack_react-query.js?v=4d496d75:1678
onSubscribe @ @tanstack_react-query.js?v=4d496d75:1369
subscribe @ @tanstack_react-query.js?v=4d496d75:24
(anonymous) @ @tanstack_react-query.js?v=4d496d75:3384
subscribeToStore @ chunk-WERSD76P.js?v=3e6b5b80:11984
commitHookEffectListMount @ chunk-WERSD76P.js?v=3e6b5b80:16915
commitPassiveMountOnFiber @ chunk-WERSD76P.js?v=3e6b5b80:18156
commitPassiveMountEffects_complete @ chunk-WERSD76P.js?v=3e6b5b80:18129
commitPassiveMountEffects_begin @ chunk-WERSD76P.js?v=3e6b5b80:18119
commitPassiveMountEffects @ chunk-WERSD76P.js?v=3e6b5b80:18109
flushPassiveEffectsImpl @ chunk-WERSD76P.js?v=3e6b5b80:19490
flushPassiveEffects @ chunk-WERSD76P.js?v=3e6b5b80:19447
performSyncWorkOnRoot @ chunk-WERSD76P.js?v=3e6b5b80:18868
flushSyncCallbacks @ chunk-WERSD76P.js?v=3e6b5b80:9119
commitRootImpl @ chunk-WERSD76P.js?v=3e6b5b80:19432
commitRoot @ chunk-WERSD76P.js?v=3e6b5b80:19277
finishConcurrentRender @ chunk-WERSD76P.js?v=3e6b5b80:18805
performConcurrentWorkOnRoot @ chunk-WERSD76P.js?v=3e6b5b80:18718
workLoop @ chunk-WERSD76P.js?v=3e6b5b80:197
flushWork @ chunk-WERSD76P.js?v=3e6b5b80:176
performWorkUntilDeadline @ chunk-WERSD76P.js?v=3e6b5b80:384
chunk-WERSD76P.js?v=3e6b5b80:14032 The above error occurred in the <DeviceCard> component:

    at DeviceCard (http://localhost:5173/src/components/molecules/DeviceCard.tsx:21:3)
    at div
    at DeviceList (http://localhost:5173/src/components/organisms/DeviceList.tsx:22:23)
    at div
    at main
    at http://localhost:5173/node_modules/.vite/deps/antd.js?v=f580e9b3:66530:16
    at Content
    at div
    at http://localhost:5173/node_modules/.vite/deps/antd.js?v=f580e9b3:66549:16
    at Layout
    at DashboardLayout (http://localhost:5173/src/components/templates/DashboardLayout.tsx:26:28)
    at DashboardPage (http://localhost:5173/src/pages/DashboardPage/DashboardPage.tsx:33:7)
    at ProtectedRoute (http://localhost:5173/src/routes.tsx:35:27)
    at RenderedRoute (http://localhost:5173/node_modules/.vite/deps/react-router-dom.js?v=4079296d:4131:5)
    at Routes (http://localhost:5173/node_modules/.vite/deps/react-router-dom.js?v=4079296d:4601:5)
    at AppRoutes
    at Suspense
    at div
    at QueryClientProvider (http://localhost:5173/node_modules/.vite/deps/@tanstack_react-query.js?v=4d496d75:3168:3)
    at ErrorBoundary (http://localhost:5173/src/components/ErrorBoundary.tsx:6:1)
    at App (http://localhost:5173/src/App.tsx:38:27)
    at LocaleProvider (http://localhost:5173/node_modules/.vite/deps/antd.js?v=f580e9b3:4001:13)
    at MotionWrapper (http://localhost:5173/node_modules/.vite/deps/antd.js?v=f580e9b3:6535:32)
    at ProviderChildren (http://localhost:5173/node_modules/.vite/deps/antd.js?v=f580e9b3:6643:5)
    at ConfigProvider (http://localhost:5173/node_modules/.vite/deps/antd.js?v=f580e9b3:6934:27)
    at QueryClientProvider (http://localhost:5173/node_modules/.vite/deps/@tanstack_react-query.js?v=4d496d75:3168:3)
    at Router (http://localhost:5173/node_modules/.vite/deps/react-router-dom.js?v=4079296d:4544:15)
    at BrowserRouter (http://localhost:5173/node_modules/.vite/deps/react-router-dom.js?v=4079296d:5290:5)

React will try to recreate this component tree from scratch using the error boundary you provided, ErrorBoundary.
logCapturedError @ chunk-WERSD76P.js?v=3e6b5b80:14032
callback @ chunk-WERSD76P.js?v=3e6b5b80:14078
callCallback @ chunk-WERSD76P.js?v=3e6b5b80:11248
commitUpdateQueue @ chunk-WERSD76P.js?v=3e6b5b80:11265
commitLayoutEffectOnFiber @ chunk-WERSD76P.js?v=3e6b5b80:17075
commitLayoutMountEffects_complete @ chunk-WERSD76P.js?v=3e6b5b80:17980
commitLayoutEffects_begin @ chunk-WERSD76P.js?v=3e6b5b80:17969
commitLayoutEffects @ chunk-WERSD76P.js?v=3e6b5b80:17920
commitRootImpl @ chunk-WERSD76P.js?v=3e6b5b80:19353
commitRoot @ chunk-WERSD76P.js?v=3e6b5b80:19277
performSyncWorkOnRoot @ chunk-WERSD76P.js?v=3e6b5b80:18895
flushSyncCallbacks @ chunk-WERSD76P.js?v=3e6b5b80:9119
(anonymous) @ chunk-WERSD76P.js?v=3e6b5b80:18627
setTimeout
systemSetTimeoutZero @ @tanstack_react-query.js?v=4d496d75:103
flush @ @tanstack_react-query.js?v=4d496d75:637
batch @ @tanstack_react-query.js?v=4d496d75:655
dispatch_fn @ @tanstack_react-query.js?v=4d496d75:1285
setData @ @tanstack_react-query.js?v=4d496d75:957
fetch @ @tanstack_react-query.js?v=4d496d75:1179
await in fetch
executeFetch_fn @ @tanstack_react-query.js?v=4d496d75:1678
onSubscribe @ @tanstack_react-query.js?v=4d496d75:1369
subscribe @ @tanstack_react-query.js?v=4d496d75:24
(anonymous) @ @tanstack_react-query.js?v=4d496d75:3384
subscribeToStore @ chunk-WERSD76P.js?v=3e6b5b80:11984
commitHookEffectListMount @ chunk-WERSD76P.js?v=3e6b5b80:16915
commitPassiveMountOnFiber @ chunk-WERSD76P.js?v=3e6b5b80:18156
commitPassiveMountEffects_complete @ chunk-WERSD76P.js?v=3e6b5b80:18129
commitPassiveMountEffects_begin @ chunk-WERSD76P.js?v=3e6b5b80:18119
commitPassiveMountEffects @ chunk-WERSD76P.js?v=3e6b5b80:18109
flushPassiveEffectsImpl @ chunk-WERSD76P.js?v=3e6b5b80:19490
flushPassiveEffects @ chunk-WERSD76P.js?v=3e6b5b80:19447
performSyncWorkOnRoot @ chunk-WERSD76P.js?v=3e6b5b80:18868
flushSyncCallbacks @ chunk-WERSD76P.js?v=3e6b5b80:9119
commitRootImpl @ chunk-WERSD76P.js?v=3e6b5b80:19432
commitRoot @ chunk-WERSD76P.js?v=3e6b5b80:19277
finishConcurrentRender @ chunk-WERSD76P.js?v=3e6b5b80:18805
performConcurrentWorkOnRoot @ chunk-WERSD76P.js?v=3e6b5b80:18718
workLoop @ chunk-WERSD76P.js?v=3e6b5b80:197
flushWork @ chunk-WERSD76P.js?v=3e6b5b80:176
performWorkUntilDeadline @ chunk-WERSD76P.js?v=3e6b5b80:384
ErrorBoundary.tsx:23 ErrorBoundary caught an error: TypeError: Cannot read properties of undefined (reading 'toFixed')
    at DeviceCard (DeviceCard.tsx:69:53)
    at renderWithHooks (chunk-WERSD76P.js?v=3e6b5b80:11548:26)
    at mountIndeterminateComponent (chunk-WERSD76P.js?v=3e6b5b80:14926:21)
    at beginWork (chunk-WERSD76P.js?v=3e6b5b80:15914:22)
    at beginWork$1 (chunk-WERSD76P.js?v=3e6b5b80:19753:22)
    at performUnitOfWork (chunk-WERSD76P.js?v=3e6b5b80:19198:20)
    at workLoopSync (chunk-WERSD76P.js?v=3e6b5b80:19137:13)
    at renderRootSync (chunk-WERSD76P.js?v=3e6b5b80:19116:15)
    at recoverFromConcurrentError (chunk-WERSD76P.js?v=3e6b5b80:18736:28)
    at performSyncWorkOnRoot (chunk-WERSD76P.js?v=3e6b5b80:18879:28) {componentStack: '\n    at DeviceCard (http://localhost:5173/src/comp….vite/deps/react-router-dom.js?v=4079296d:5290:5)'}
componentDidCatch @ ErrorBoundary.tsx:23
callback @ chunk-WERSD76P.js?v=3e6b5b80:14084
callCallback @ chunk-WERSD76P.js?v=3e6b5b80:11248
commitUpdateQueue @ chunk-WERSD76P.js?v=3e6b5b80:11265
commitLayoutEffectOnFiber @ chunk-WERSD76P.js?v=3e6b5b80:17075
commitLayoutMountEffects_complete @ chunk-WERSD76P.js?v=3e6b5b80:17980
commitLayoutEffects_begin @ chunk-WERSD76P.js?v=3e6b5b80:17969
commitLayoutEffects @ chunk-WERSD76P.js?v=3e6b5b80:17920
commitRootImpl @ chunk-WERSD76P.js?v=3e6b5b80:19353
commitRoot @ chunk-WERSD76P.js?v=3e6b5b80:19277
performSyncWorkOnRoot @ chunk-WERSD76P.js?v=3e6b5b80:18895
flushSyncCallbacks @ chunk-WERSD76P.js?v=3e6b5b80:9119
(anonymous) @ chunk-WERSD76P.js?v=3e6b5b80:18627
setTimeout
systemSetTimeoutZero @ @tanstack_react-query.js?v=4d496d75:103
flush @ @tanstack_react-query.js?v=4d496d75:637
batch @ @tanstack_react-query.js?v=4d496d75:655
dispatch_fn @ @tanstack_react-query.js?v=4d496d75:1285
setData @ @tanstack_react-query.js?v=4d496d75:957
fetch @ @tanstack_react-query.js?v=4d496d75:1179
await in fetch
executeFetch_fn @ @tanstack_react-query.js?v=4d496d75:1678
onSubscribe @ @tanstack_react-query.js?v=4d496d75:1369
subscribe @ @tanstack_react-query.js?v=4d496d75:24
(anonymous) @ @tanstack_react-query.js?v=4d496d75:3384
subscribeToStore @ chunk-WERSD76P.js?v=3e6b5b80:11984
commitHookEffectListMount @ chunk-WERSD76P.js?v=3e6b5b80:16915
commitPassiveMountOnFiber @ chunk-WERSD76P.js?v=3e6b5b80:18156
commitPassiveMountEffects_complete @ chunk-WERSD76P.js?v=3e6b5b80:18129
commitPassiveMountEffects_begin @ chunk-WERSD76P.js?v=3e6b5b80:18119
commitPassiveMountEffects @ chunk-WERSD76P.js?v=3e6b5b80:18109
flushPassiveEffectsImpl @ chunk-WERSD76P.js?v=3e6b5b80:19490
flushPassiveEffects @ chunk-WERSD76P.js?v=3e6b5b80:19447
performSyncWorkOnRoot @ chunk-WERSD76P.js?v=3e6b5b80:18868
flushSyncCallbacks @ chunk-WERSD76P.js?v=3e6b5b80:9119
commitRootImpl @ chunk-WERSD76P.js?v=3e6b5b80:19432
commitRoot @ chunk-WERSD76P.js?v=3e6b5b80:19277
finishConcurrentRender @ chunk-WERSD76P.js?v=3e6b5b80:18805
performConcurrentWorkOnRoot @ chunk-WERSD76P.js?v=3e6b5b80:18718
workLoop @ chunk-WERSD76P.js?v=3e6b5b80:197
flushWork @ chunk-WERSD76P.js?v=3e6b5b80:176
performWorkUntilDeadline @ chunk-WERSD76P.js?v=3e6b5b80:384
chunk-WERSD76P.js?v=3e6b5b80:14032 The above error occurred in the <DeviceCard> component:

    at DeviceCard (http://localhost:5173/src/components/molecules/DeviceCard.tsx:21:3)
    at div
    at DeviceList (http://localhost:5173/src/components/organisms/DeviceList.tsx:22:23)
    at div
    at main
    at http://localhost:5173/node_modules/.vite/deps/antd.js?v=f580e9b3:66530:16
    at Content
    at div
    at http://localhost:5173/node_modules/.vite/deps/antd.js?v=f580e9b3:66549:16
    at Layout
    at DashboardLayout (http://localhost:5173/src/components/templates/DashboardLayout.tsx:26:28)
    at DashboardPage (http://localhost:5173/src/pages/DashboardPage/DashboardPage.tsx:33:7)
    at ProtectedRoute (http://localhost:5173/src/routes.tsx:35:27)
    at RenderedRoute (http://localhost:5173/node_modules/.vite/deps/react-router-dom.js?v=4079296d:4131:5)
    at Routes (http://localhost:5173/node_modules/.vite/deps/react-router-dom.js?v=4079296d:4601:5)
    at AppRoutes
    at Suspense
    at div
    at QueryClientProvider (http://localhost:5173/node_modules/.vite/deps/@tanstack_react-query.js?v=4d496d75:3168:3)
    at ErrorBoundary (http://localhost:5173/src/components/ErrorBoundary.tsx:6:1)
    at App (http://localhost:5173/src/App.tsx:38:27)
    at LocaleProvider (http://localhost:5173/node_modules/.vite/deps/antd.js?v=f580e9b3:4001:13)
    at MotionWrapper (http://localhost:5173/node_modules/.vite/deps/antd.js?v=f580e9b3:6535:32)
    at ProviderChildren (http://localhost:5173/node_modules/.vite/deps/antd.js?v=f580e9b3:6643:5)
    at ConfigProvider (http://localhost:5173/node_modules/.vite/deps/antd.js?v=f580e9b3:6934:27)
    at QueryClientProvider (http://localhost:5173/node_modules/.vite/deps/@tanstack_react-query.js?v=4d496d75:3168:3)
    at Router (http://localhost:5173/node_modules/.vite/deps/react-router-dom.js?v=4079296d:4544:15)
    at BrowserRouter (http://localhost:5173/node_modules/.vite/deps/react-router-dom.js?v=4079296d:5290:5)

React will try to recreate this component tree from scratch using the error boundary you provided, ErrorBoundary.
logCapturedError @ chunk-WERSD76P.js?v=3e6b5b80:14032
callback @ chunk-WERSD76P.js?v=3e6b5b80:14078
callCallback @ chunk-WERSD76P.js?v=3e6b5b80:11248
commitUpdateQueue @ chunk-WERSD76P.js?v=3e6b5b80:11265
commitLayoutEffectOnFiber @ chunk-WERSD76P.js?v=3e6b5b80:17075
commitLayoutMountEffects_complete @ chunk-WERSD76P.js?v=3e6b5b80:17980
commitLayoutEffects_begin @ chunk-WERSD76P.js?v=3e6b5b80:17969
commitLayoutEffects @ chunk-WERSD76P.js?v=3e6b5b80:17920
commitRootImpl @ chunk-WERSD76P.js?v=3e6b5b80:19353
commitRoot @ chunk-WERSD76P.js?v=3e6b5b80:19277
performSyncWorkOnRoot @ chunk-WERSD76P.js?v=3e6b5b80:18895
flushSyncCallbacks @ chunk-WERSD76P.js?v=3e6b5b80:9119
(anonymous) @ chunk-WERSD76P.js?v=3e6b5b80:18627
setTimeout
systemSetTimeoutZero @ @tanstack_react-query.js?v=4d496d75:103
flush @ @tanstack_react-query.js?v=4d496d75:637
batch @ @tanstack_react-query.js?v=4d496d75:655
dispatch_fn @ @tanstack_react-query.js?v=4d496d75:1285
setData @ @tanstack_react-query.js?v=4d496d75:957
fetch @ @tanstack_react-query.js?v=4d496d75:1179
await in fetch
executeFetch_fn @ @tanstack_react-query.js?v=4d496d75:1678
onSubscribe @ @tanstack_react-query.js?v=4d496d75:1369
subscribe @ @tanstack_react-query.js?v=4d496d75:24
(anonymous) @ @tanstack_react-query.js?v=4d496d75:3384
subscribeToStore @ chunk-WERSD76P.js?v=3e6b5b80:11984
commitHookEffectListMount @ chunk-WERSD76P.js?v=3e6b5b80:16915
commitPassiveMountOnFiber @ chunk-WERSD76P.js?v=3e6b5b80:18156
commitPassiveMountEffects_complete @ chunk-WERSD76P.js?v=3e6b5b80:18129
commitPassiveMountEffects_begin @ chunk-WERSD76P.js?v=3e6b5b80:18119
commitPassiveMountEffects @ chunk-WERSD76P.js?v=3e6b5b80:18109
flushPassiveEffectsImpl @ chunk-WERSD76P.js?v=3e6b5b80:19490
flushPassiveEffects @ chunk-WERSD76P.js?v=3e6b5b80:19447
performSyncWorkOnRoot @ chunk-WERSD76P.js?v=3e6b5b80:18868
flushSyncCallbacks @ chunk-WERSD76P.js?v=3e6b5b80:9119
commitRootImpl @ chunk-WERSD76P.js?v=3e6b5b80:19432
commitRoot @ chunk-WERSD76P.js?v=3e6b5b80:19277
finishConcurrentRender @ chunk-WERSD76P.js?v=3e6b5b80:18805
performConcurrentWorkOnRoot @ chunk-WERSD76P.js?v=3e6b5b80:18718
workLoop @ chunk-WERSD76P.js?v=3e6b5b80:197
flushWork @ chunk-WERSD76P.js?v=3e6b5b80:176
performWorkUntilDeadline @ chunk-WERSD76P.js?v=3e6b5b80:384
ErrorBoundary.tsx:23 ErrorBoundary caught an error: TypeError: Cannot read properties of undefined (reading 'toFixed')
    at DeviceCard (DeviceCard.tsx:69:53)
    at renderWithHooks (chunk-WERSD76P.js?v=3e6b5b80:11548:26)
    at mountIndeterminateComponent (chunk-WERSD76P.js?v=3e6b5b80:14926:21)
    at beginWork (chunk-WERSD76P.js?v=3e6b5b80:15914:22)
    at beginWork$1 (chunk-WERSD76P.js?v=3e6b5b80:19753:22)
    at performUnitOfWork (chunk-WERSD76P.js?v=3e6b5b80:19198:20)
    at workLoopSync (chunk-WERSD76P.js?v=3e6b5b80:19137:13)
    at renderRootSync (chunk-WERSD76P.js?v=3e6b5b80:19116:15)
    at recoverFromConcurrentError (chunk-WERSD76P.js?v=3e6b5b80:18736:28)
    at performSyncWorkOnRoot (chunk-WERSD76P.js?v=3e6b5b80:18879:28) {componentStack: '\n    at DeviceCard (http://localhost:5173/src/comp….vite/deps/react-router-dom.js?v=4079296d:5290:5)'}
componentDidCatch @ ErrorBoundary.tsx:23
callback @ chunk-WERSD76P.js?v=3e6b5b80:14084
callCallback @ chunk-WERSD76P.js?v=3e6b5b80:11248
commitUpdateQueue @ chunk-WERSD76P.js?v=3e6b5b80:11265
commitLayoutEffectOnFiber @ chunk-WERSD76P.js?v=3e6b5b80:17075
commitLayoutMountEffects_complete @ chunk-WERSD76P.js?v=3e6b5b80:17980
commitLayoutEffects_begin @ chunk-WERSD76P.js?v=3e6b5b80:17969
commitLayoutEffects @ chunk-WERSD76P.js?v=3e6b5b80:17920
commitRootImpl @ chunk-WERSD76P.js?v=3e6b5b80:19353
commitRoot @ chunk-WERSD76P.js?v=3e6b5b80:19277
performSyncWorkOnRoot @ chunk-WERSD76P.js?v=3e6b5b80:18895
flushSyncCallbacks @ chunk-WERSD76P.js?v=3e6b5b80:9119
(anonymous) @ chunk-WERSD76P.js?v=3e6b5b80:18627
setTimeout
systemSetTimeoutZero @ @tanstack_react-query.js?v=4d496d75:103
flush @ @tanstack_react-query.js?v=4d496d75:637
batch @ @tanstack_react-query.js?v=4d496d75:655
dispatch_fn @ @tanstack_react-query.js?v=4d496d75:1285
setData @ @tanstack_react-query.js?v=4d496d75:957
fetch @ @tanstack_react-query.js?v=4d496d75:1179
await in fetch
executeFetch_fn @ @tanstack_react-query.js?v=4d496d75:1678
onSubscribe @ @tanstack_react-query.js?v=4d496d75:1369
subscribe @ @tanstack_react-query.js?v=4d496d75:24
(anonymous) @ @tanstack_react-query.js?v=4d496d75:3384
subscribeToStore @ chunk-WERSD76P.js?v=3e6b5b80:11984
commitHookEffectListMount @ chunk-WERSD76P.js?v=3e6b5b80:16915
commitPassiveMountOnFiber @ chunk-WERSD76P.js?v=3e6b5b80:18156
commitPassiveMountEffects_complete @ chunk-WERSD76P.js?v=3e6b5b80:18129
commitPassiveMountEffects_begin @ chunk-WERSD76P.js?v=3e6b5b80:18119
commitPassiveMountEffects @ chunk-WERSD76P.js?v=3e6b5b80:18109
flushPassiveEffectsImpl @ chunk-WERSD76P.js?v=3e6b5b80:19490
flushPassiveEffects @ chunk-WERSD76P.js?v=3e6b5b80:19447
performSyncWorkOnRoot @ chunk-WERSD76P.js?v=3e6b5b80:18868
flushSyncCallbacks @ chunk-WERSD76P.js?v=3e6b5b80:9119
commitRootImpl @ chunk-WERSD76P.js?v=3e6b5b80:19432
commitRoot @ chunk-WERSD76P.js?v=3e6b5b80:19277
finishConcurrentRender @ chunk-WERSD76P.js?v=3e6b5b80:18805
performConcurrentWorkOnRoot @ chunk-WERSD76P.js?v=3e6b5b80:18718
workLoop @ chunk-WERSD76P.js?v=3e6b5b80:197
flushWork @ chunk-WERSD76P.js?v=3e6b5b80:176
performWorkUntilDeadline @ chunk-WERSD76P.js?v=3e6b5b80:384
client.ts:44 WebSocket connection to 'ws://localhost:3000/realtime/?EIO=4&transport=websocket' failed: 
createSocket @ socket__io-client.js?v=83555e2f:1524
doOpen @ socket__io-client.js?v=83555e2f:1451
open @ socket__io-client.js?v=83555e2f:968
_open @ socket__io-client.js?v=83555e2f:1793
_SocketWithoutUpgrade @ socket__io-client.js?v=83555e2f:1754
SocketWithUpgrade @ socket__io-client.js?v=83555e2f:2098
Socket @ socket__io-client.js?v=83555e2f:2224
open @ socket__io-client.js?v=83555e2f:3628
Manager @ socket__io-client.js?v=83555e2f:3560
lookup2 @ socket__io-client.js?v=83555e2f:3893
connect @ client.ts:44
initWebSocket @ client.ts:236
(anonymous) @ App.tsx:29
commitHookEffectListMount @ chunk-WERSD76P.js?v=3e6b5b80:16915
invokePassiveEffectMountInDEV @ chunk-WERSD76P.js?v=3e6b5b80:18324
invokeEffectsInDev @ chunk-WERSD76P.js?v=3e6b5b80:19701
commitDoubleInvokeEffectsInDEV @ chunk-WERSD76P.js?v=3e6b5b80:19686
flushPassiveEffectsImpl @ chunk-WERSD76P.js?v=3e6b5b80:19503
flushPassiveEffects @ chunk-WERSD76P.js?v=3e6b5b80:19447
(anonymous) @ chunk-WERSD76P.js?v=3e6b5b80:19328
workLoop @ chunk-WERSD76P.js?v=3e6b5b80:197
flushWork @ chunk-WERSD76P.js?v=3e6b5b80:176
performWorkUntilDeadline @ chunk-WERSD76P.js?v=3e6b5b80:384
client.ts:77 [WebSocket] Connection error: TransportError: websocket error
    at WS.onError (socket__io-client.js?v=83555e2f:960:33)
    at ws.onerror (socket__io-client.js?v=83555e2f:1475:35)
(anonymous) @ client.ts:77
Emitter.emit @ socket__io-client.js?v=83555e2f:819
onerror @ socket__io-client.js?v=83555e2f:3063
Emitter.emit @ socket__io-client.js?v=83555e2f:819
onError @ socket__io-client.js?v=83555e2f:3640
Emitter.emit @ socket__io-client.js?v=83555e2f:819
_onError @ socket__io-client.js?v=83555e2f:2062
Emitter.emit @ socket__io-client.js?v=83555e2f:819
onError @ socket__io-client.js?v=83555e2f:960
ws.onerror @ socket__io-client.js?v=83555e2f:1475
socket__io-client.js?v=83555e2f:1524 WebSocket connection to 'ws://localhost:3000/realtime/?EIO=4&transport=websocket' failed: 
createSocket @ socket__io-client.js?v=83555e2f:1524
doOpen @ socket__io-client.js?v=83555e2f:1451
open @ socket__io-client.js?v=83555e2f:968
_open @ socket__io-client.js?v=83555e2f:1793
_SocketWithoutUpgrade @ socket__io-client.js?v=83555e2f:1754
SocketWithUpgrade @ socket__io-client.js?v=83555e2f:2098
Socket @ socket__io-client.js?v=83555e2f:2224
open @ socket__io-client.js?v=83555e2f:3628
(anonymous) @ socket__io-client.js?v=83555e2f:3846
client.ts:77 [WebSocket] Connection error: TransportError: websocket error
    at WS.onError (socket__io-client.js?v=83555e2f:960:33)
    at ws.onerror (socket__io-client.js?v=83555e2f:1475:35)
(anonymous) @ client.ts:77
Emitter.emit @ socket__io-client.js?v=83555e2f:819
onerror @ socket__io-client.js?v=83555e2f:3063
Emitter.emit @ socket__io-client.js?v=83555e2f:819
onError @ socket__io-client.js?v=83555e2f:3640
Emitter.emit @ socket__io-client.js?v=83555e2f:819
_onError @ socket__io-client.js?v=83555e2f:2062
Emitter.emit @ socket__io-client.js?v=83555e2f:819
onError @ socket__io-client.js?v=83555e2f:960
ws.onerror @ socket__io-client.js?v=83555e2f:1475
socket__io-client.js?v=83555e2f:1524 WebSocket connection to 'ws://localhost:3000/realtime/?EIO=4&transport=websocket' failed: 
createSocket @ socket__io-client.js?v=83555e2f:1524
doOpen @ socket__io-client.js?v=83555e2f:1451
open @ socket__io-client.js?v=83555e2f:968
_open @ socket__io-client.js?v=83555e2f:1793
_SocketWithoutUpgrade @ socket__io-client.js?v=83555e2f:1754
SocketWithUpgrade @ socket__io-client.js?v=83555e2f:2098
Socket @ socket__io-client.js?v=83555e2f:2224
open @ socket__io-client.js?v=83555e2f:3628
(anonymous) @ socket__io-client.js?v=83555e2f:3846
client.ts:77 [WebSocket] Connection error: TransportError: websocket error
    at WS.onError (socket__io-client.js?v=83555e2f:960:33)
    at ws.onerror (socket__io-client.js?v=83555e2f:1475:35)
(anonymous) @ client.ts:77
Emitter.emit @ socket__io-client.js?v=83555e2f:819
onerror @ socket__io-client.js?v=83555e2f:3063
Emitter.emit @ socket__io-client.js?v=83555e2f:819
onError @ socket__io-client.js?v=83555e2f:3640
Emitter.emit @ socket__io-client.js?v=83555e2f:819
_onError @ socket__io-client.js?v=83555e2f:2062
Emitter.emit @ socket__io-client.js?v=83555e2f:819
onError @ socket__io-client.js?v=83555e2f:960
ws.onerror @ socket__io-client.js?v=83555e2f:1475
socket__io-client.js?v=83555e2f:1524 WebSocket connection to 'ws://localhost:3000/realtime/?EIO=4&transport=websocket' failed: 
createSocket @ socket__io-client.js?v=83555e2f:1524
doOpen @ socket__io-client.js?v=83555e2f:1451
open @ socket__io-client.js?v=83555e2f:968
_open @ socket__io-client.js?v=83555e2f:1793
_SocketWithoutUpgrade @ socket__io-client.js?v=83555e2f:1754
SocketWithUpgrade @ socket__io-client.js?v=83555e2f:2098
Socket @ socket__io-client.js?v=83555e2f:2224
open @ socket__io-client.js?v=83555e2f:3628
(anonymous) @ socket__io-client.js?v=83555e2f:3846
client.ts:77 [WebSocket] Connection error: TransportError: websocket error
    at WS.onError (socket__io-client.js?v=83555e2f:960:33)
    at ws.onerror (socket__io-client.js?v=83555e2f:1475:35)
(anonymous) @ client.ts:77
Emitter.emit @ socket__io-client.js?v=83555e2f:819
onerror @ socket__io-client.js?v=83555e2f:3063
Emitter.emit @ socket__io-client.js?v=83555e2f:819
onError @ socket__io-client.js?v=83555e2f:3640
Emitter.emit @ socket__io-client.js?v=83555e2f:819
_onError @ socket__io-client.js?v=83555e2f:2062
Emitter.emit @ socket__io-client.js?v=83555e2f:819
onError @ socket__io-client.js?v=83555e2f:960
ws.onerror @ socket__io-client.js?v=83555e2f:1475
socket__io-client.js?v=83555e2f:1524 WebSocket connection to 'ws://localhost:3000/realtime/?EIO=4&transport=websocket' failed: 
createSocket @ socket__io-client.js?v=83555e2f:1524
doOpen @ socket__io-client.js?v=83555e2f:1451
open @ socket__io-client.js?v=83555e2f:968
_open @ socket__io-client.js?v=83555e2f:1793
_SocketWithoutUpgrade @ socket__io-client.js?v=83555e2f:1754
SocketWithUpgrade @ socket__io-client.js?v=83555e2f:2098
Socket @ socket__io-client.js?v=83555e2f:2224
open @ socket__io-client.js?v=83555e2f:3628
(anonymous) @ socket__io-client.js?v=83555e2f:3846
client.ts:77 [WebSocket] Connection error: TransportError: websocket error
    at WS.onError (socket__io-client.js?v=83555e2f:960:33)
    at ws.onerror (socket__io-client.js?v=83555e2f:1475:35)
(anonymous) @ client.ts:77
Emitter.emit @ socket__io-client.js?v=83555e2f:819
onerror @ socket__io-client.js?v=83555e2f:3063
Emitter.emit @ socket__io-client.js?v=83555e2f:819
onError @ socket__io-client.js?v=83555e2f:3640
Emitter.emit @ socket__io-client.js?v=83555e2f:819
_onError @ socket__io-client.js?v=83555e2f:2062
Emitter.emit @ socket__io-client.js?v=83555e2f:819
onError @ socket__io-client.js?v=83555e2f:960
ws.onerror @ socket__io-client.js?v=83555e2f:1475
client.ts:82 [WebSocket] Max reconnect attempts reached, falling back to polling
(anonymous) @ client.ts:82
Emitter.emit @ socket__io-client.js?v=83555e2f:819
onerror @ socket__io-client.js?v=83555e2f:3063
Emitter.emit @ socket__io-client.js?v=83555e2f:819
onError @ socket__io-client.js?v=83555e2f:3640
Emitter.emit @ socket__io-client.js?v=83555e2f:819
_onError @ socket__io-client.js?v=83555e2f:2062
Emitter.emit @ socket__io-client.js?v=83555e2f:819
onError @ socket__io-client.js?v=83555e2f:960
ws.onerror @ socket__io-client.js?v=83555e2f:1475
client.ts:157 [Polling] Starting fallback polling (30s interval)
socket__io-client.js?v=83555e2f:1524 WebSocket connection to 'ws://localhost:3000/realtime/?EIO=4&transport=websocket' failed: 
createSocket @ socket__io-client.js?v=83555e2f:1524
doOpen @ socket__io-client.js?v=83555e2f:1451
open @ socket__io-client.js?v=83555e2f:968
_open @ socket__io-client.js?v=83555e2f:1793
_SocketWithoutUpgrade @ socket__io-client.js?v=83555e2f:1754
SocketWithUpgrade @ socket__io-client.js?v=83555e2f:2098
Socket @ socket__io-client.js?v=83555e2f:2224
open @ socket__io-client.js?v=83555e2f:3628
(anonymous) @ socket__io-client.js?v=83555e2f:3846
client.ts:77 [WebSocket] Connection error: TransportError: websocket error
    at WS.onError (socket__io-client.js?v=83555e2f:960:33)
    at ws.onerror (socket__io-client.js?v=83555e2f:1475:35)
(anonymous) @ client.ts:77
Emitter.emit @ socket__io-client.js?v=83555e2f:819
onerror @ socket__io-client.js?v=83555e2f:3063
Emitter.emit @ socket__io-client.js?v=83555e2f:819
onError @ socket__io-client.js?v=83555e2f:3640
Emitter.emit @ socket__io-client.js?v=83555e2f:819
_onError @ socket__io-client.js?v=83555e2f:2062
Emitter.emit @ socket__io-client.js?v=83555e2f:819
onError @ socket__io-client.js?v=83555e2f:960
ws.onerror @ socket__io-client.js?v=83555e2f:1475
client.ts:82 [WebSocket] Max reconnect attempts reached, falling back to polling
(anonymous) @ client.ts:82
Emitter.emit @ socket__io-client.js?v=83555e2f:819
onerror @ socket__io-client.js?v=83555e2f:3063
Emitter.emit @ socket__io-client.js?v=83555e2f:819
onError @ socket__io-client.js?v=83555e2f:3640
Emitter.emit @ socket__io-client.js?v=83555e2f:819
_onError @ socket__io-client.js?v=83555e2f:2062
Emitter.emit @ socket__io-client.js?v=83555e2f:819
onError @ socket__io-client.js?v=83555e2f:960
ws.onerror @ socket__io-client.js?v=83555e2f:1475
client.ts:160 [Polling] Fetching data...
client.ts:160 [Polling] Fetching data...
client.ts:160 [Polling] Fetching data...
